-- The C compiler identification is GNU 11.4.0
-- The CXX compiler identification is GNU 11.4.0
-- Detecting C compiler ABI info
-- Detecting C compiler ABI info - done
-- Check for working C compiler: /usr/bin/cc - skipped
-- Detecting C compile features
-- Detecting C compile features - done
-- Detecting CXX compiler ABI info
-- Detecting CXX compiler ABI info - done
-- Check for working CXX compiler: /usr/bin/c++ - skipped
-- Detecting CXX compile features
-- Detecting CXX compile features - done
-- Found ament_cmake: 1.3.14 (/opt/ros/humble/share/ament_cmake/cmake)
-- Found Python3: /home/seif/miniconda3/bin/python3 (found version "3.13.11") found components: Interpreter 
-- Found rclcpp: 16.0.19 (/opt/ros/humble/share/rclcpp/cmake)
-- Found rosidl_generator_c: 3.1.8 (/opt/ros/humble/share/rosidl_generator_c/cmake)
-- Found rosidl_adapter: 3.1.8 (/opt/ros/humble/share/rosidl_adapter/cmake)
-- Found rosidl_generator_cpp: 3.1.8 (/opt/ros/humble/share/rosidl_generator_cpp/cmake)
-- Using all available rosidl_typesupport_c: rosidl_typesupport_fastrtps_c;rosidl_typesupport_introspection_c
-- Using all available rosidl_typesupport_cpp: rosidl_typesupport_fastrtps_cpp;rosidl_typesupport_introspection_cpp
-- Found rmw_implementation_cmake: 6.1.2 (/opt/ros/humble/share/rmw_implementation_cmake/cmake)
-- Found rmw_fastrtps_cpp: 6.2.10 (/opt/ros/humble/share/rmw_fastrtps_cpp/cmake)
-- Found OpenSSL: /usr/lib/x86_64-linux-gnu/libcrypto.so (found version "3.0.2")  
-- Found FastRTPS: /opt/ros/humble/include  
-- Using RMW implementation 'rmw_fastrtps_cpp' as default
-- Looking for pthread.h
-- Looking for pthread.h - found
-- Performing Test CMAKE_HAVE_LIBC_PTHREAD
-- Performing Test CMAKE_HAVE_LIBC_PTHREAD - Success
-- Found Threads: TRUE  
-- Configuring done
-- Generating done
-- Build files have been written to: /home/seif/workspace/my_ros/new_dir/topic_examples/build/topic_examples
[ 25%] [32mBuilding CXX object CMakeFiles/publisher_node.dir/src/publisher_node.cpp.o[0m
[ 50%] [32mBuilding CXX object CMakeFiles/subscriber_node.dir/src/subscriber_node.cpp.o[0m
[ 75%] [32m[1mLinking CXX executable publisher_node[0m
[ 75%] Built target publisher_node
[100%] [32m[1mLinking CXX executable subscriber_node[0m
[100%] Built target subscriber_node
-- Install configuration: ""
-- Installing: /home/seif/workspace/my_ros/new_dir/topic_examples/install/topic_examples/lib/topic_examples/publisher_node
-- Set runtime path of "/home/seif/workspace/my_ros/new_dir/topic_examples/install/topic_examples/lib/topic_examples/publisher_node" to ""
-- Installing: /home/seif/workspace/my_ros/new_dir/topic_examples/install/topic_examples/lib/topic_examples/subscriber_node
-- Set runtime path of "/home/seif/workspace/my_ros/new_dir/topic_examples/install/topic_examples/lib/topic_examples/subscriber_node" to ""
-- Installing: /home/seif/workspace/my_ros/new_dir/topic_examples/install/topic_examples/share/topic_examples/launch
-- Installing: /home/seif/workspace/my_ros/new_dir/topic_examples/install/topic_examples/share/topic_examples/launch/topic_examples.launch.py
-- Installing: /home/seif/workspace/my_ros/new_dir/topic_examples/install/topic_examples/share/ament_index/resource_index/package_run_dependencies/topic_examples
-- Installing: /home/seif/workspace/my_ros/new_dir/topic_examples/install/topic_examples/share/ament_index/resource_index/parent_prefix_path/topic_examples
-- Installing: /home/seif/workspace/my_ros/new_dir/topic_examples/install/topic_examples/share/topic_examples/environment/ament_prefix_path.sh
-- Installing: /home/seif/workspace/my_ros/new_dir/topic_examples/install/topic_examples/share/topic_examples/environment/ament_prefix_path.dsv
-- Installing: /home/seif/workspace/my_ros/new_dir/topic_examples/install/topic_examples/share/topic_examples/environment/path.sh
-- Installing: /home/seif/workspace/my_ros/new_dir/topic_examples/install/topic_examples/share/topic_examples/environment/path.dsv
-- Installing: /home/seif/workspace/my_ros/new_dir/topic_examples/install/topic_examples/share/topic_examples/local_setup.bash
-- Installing: /home/seif/workspace/my_ros/new_dir/topic_examples/install/topic_examples/share/topic_examples/local_setup.sh
-- Installing: /home/seif/workspace/my_ros/new_dir/topic_examples/install/topic_examples/share/topic_examples/local_setup.zsh
-- Installing: /home/seif/workspace/my_ros/new_dir/topic_examples/install/topic_examples/share/topic_examples/local_setup.dsv
-- Installing: /home/seif/workspace/my_ros/new_dir/topic_examples/install/topic_examples/share/topic_examples/package.dsv
-- Installing: /home/seif/workspace/my_ros/new_dir/topic_examples/install/topic_examples/share/ament_index/resource_index/packages/topic_examples
-- Installing: /home/seif/workspace/my_ros/new_dir/topic_examples/install/topic_examples/share/topic_examples/cmake/topic_examplesConfig.cmake
-- Installing: /home/seif/workspace/my_ros/new_dir/topic_examples/install/topic_examples/share/topic_examples/cmake/topic_examplesConfig-version.cmake
-- Installing: /home/seif/workspace/my_ros/new_dir/topic_examples/install/topic_examples/share/topic_examples/package.xml
