[0.006s] Invoking command in '/home/seif/workspace/my_ros/new_dir/topic_examples/build/topic_examples': CMAKE_PREFIX_PATH=/opt/ros/humble CONDA_PROMPT_MODIFIER=(base) /usr/bin/cmake /home/seif/workspace/my_ros/new_dir/topic_examples -DCMAKE_INSTALL_PREFIX=/home/seif/workspace/my_ros/new_dir/topic_examples/install/topic_examples
[0.054s] -- The C compiler identification is GNU 11.4.0
[0.107s] -- The CXX compiler identification is GNU 11.4.0
[0.114s] -- Detecting C compiler ABI info
[0.177s] -- Detecting C compiler ABI info - done
[0.182s] -- Check for working C compiler: /usr/bin/cc - skipped
[0.182s] -- Detecting C compile features
[0.182s] -- Detecting C compile features - done
[0.185s] -- Detecting CXX compiler ABI info
[0.254s] -- Detecting CXX compiler ABI info - done
[0.260s] -- Check for working CXX compiler: /usr/bin/c++ - skipped
[0.260s] -- Detecting CXX compile features
[0.260s] -- Detecting CXX compile features - done
[0.261s] -- Found ament_cmake: 1.3.14 (/opt/ros/humble/share/ament_cmake/cmake)
[0.578s] -- Found Python3: /home/seif/miniconda3/bin/python3 (found version "3.13.11") found components: Interpreter 
[0.658s] -- Found rclcpp: 16.0.19 (/opt/ros/humble/share/rclcpp/cmake)
[0.688s] -- Found rosidl_generator_c: 3.1.8 (/opt/ros/humble/share/rosidl_generator_c/cmake)
[0.692s] -- Found rosidl_adapter: 3.1.8 (/opt/ros/humble/share/rosidl_adapter/cmake)
[0.700s] -- Found rosidl_generator_cpp: 3.1.8 (/opt/ros/humble/share/rosidl_generator_cpp/cmake)
[0.711s] -- Using all available rosidl_typesupport_c: rosidl_typesupport_fastrtps_c;rosidl_typesupport_introspection_c
[0.725s] -- Using all available rosidl_typesupport_cpp: rosidl_typesupport_fastrtps_cpp;rosidl_typesupport_introspection_cpp
[0.753s] -- Found rmw_implementation_cmake: 6.1.2 (/opt/ros/humble/share/rmw_implementation_cmake/cmake)
[0.755s] -- Found rmw_fastrtps_cpp: 6.2.10 (/opt/ros/humble/share/rmw_fastrtps_cpp/cmake)
[0.835s] -- Found OpenSSL: /usr/lib/x86_64-linux-gnu/libcrypto.so (found version "3.0.2")  
[0.857s] -- Found FastRTPS: /opt/ros/humble/include  
[0.896s] -- Using RMW implementation 'rmw_fastrtps_cpp' as default
[0.905s] -- Looking for pthread.h
[0.972s] -- Looking for pthread.h - found
[0.972s] -- Performing Test CMAKE_HAVE_LIBC_PTHREAD
[1.043s] -- Performing Test CMAKE_HAVE_LIBC_PTHREAD - Success
[1.044s] -- Found Threads: TRUE  
[1.195s] -- Configuring done
[1.203s] -- Generating done
[1.207s] -- Build files have been written to: /home/seif/workspace/my_ros/new_dir/topic_examples/build/topic_examples
[1.216s] Invoked command in '/home/seif/workspace/my_ros/new_dir/topic_examples/build/topic_examples' returned '0': CMAKE_PREFIX_PATH=/opt/ros/humble CONDA_PROMPT_MODIFIER=(base) /usr/bin/cmake /home/seif/workspace/my_ros/new_dir/topic_examples -DCMAKE_INSTALL_PREFIX=/home/seif/workspace/my_ros/new_dir/topic_examples/install/topic_examples
[1.218s] Invoking command in '/home/seif/workspace/my_ros/new_dir/topic_examples/build/topic_examples': CMAKE_PREFIX_PATH=/opt/ros/humble CONDA_PROMPT_MODIFIER=(base) /usr/bin/cmake --build /home/seif/workspace/my_ros/new_dir/topic_examples/build/topic_examples -- -j20 -l20
[1.261s] [ 25%] [32mBuilding CXX object CMakeFiles/publisher_node.dir/src/publisher_node.cpp.o[0m
[1.261s] [ 50%] [32mBuilding CXX object CMakeFiles/subscriber_node.dir/src/subscriber_node.cpp.o[0m
[4.407s] [ 75%] [32m[1mLinking CXX executable publisher_node[0m
[4.535s] [ 75%] Built target publisher_node
[7.121s] [100%] [32m[1mLinking CXX executable subscriber_node[0m
[7.355s] [100%] Built target subscriber_node
[7.364s] Invoked command in '/home/seif/workspace/my_ros/new_dir/topic_examples/build/topic_examples' returned '0': CMAKE_PREFIX_PATH=/opt/ros/humble CONDA_PROMPT_MODIFIER=(base) /usr/bin/cmake --build /home/seif/workspace/my_ros/new_dir/topic_examples/build/topic_examples -- -j20 -l20
[7.372s] Invoking command in '/home/seif/workspace/my_ros/new_dir/topic_examples/build/topic_examples': CMAKE_PREFIX_PATH=/opt/ros/humble CONDA_PROMPT_MODIFIER=(base) /usr/bin/cmake --install /home/seif/workspace/my_ros/new_dir/topic_examples/build/topic_examples
[7.377s] -- Install configuration: ""
[7.377s] -- Installing: /home/seif/workspace/my_ros/new_dir/topic_examples/install/topic_examples/lib/topic_examples/publisher_node
[7.378s] -- Set runtime path of "/home/seif/workspace/my_ros/new_dir/topic_examples/install/topic_examples/lib/topic_examples/publisher_node" to ""
[7.378s] -- Installing: /home/seif/workspace/my_ros/new_dir/topic_examples/install/topic_examples/lib/topic_examples/subscriber_node
[7.379s] -- Set runtime path of "/home/seif/workspace/my_ros/new_dir/topic_examples/install/topic_examples/lib/topic_examples/subscriber_node" to ""
[7.379s] -- Installing: /home/seif/workspace/my_ros/new_dir/topic_examples/install/topic_examples/share/topic_examples/launch
[7.379s] -- Installing: /home/seif/workspace/my_ros/new_dir/topic_examples/install/topic_examples/share/topic_examples/launch/topic_examples.launch.py
[7.379s] -- Installing: /home/seif/workspace/my_ros/new_dir/topic_examples/install/topic_examples/share/ament_index/resource_index/package_run_dependencies/topic_examples
[7.379s] -- Installing: /home/seif/workspace/my_ros/new_dir/topic_examples/install/topic_examples/share/ament_index/resource_index/parent_prefix_path/topic_examples
[7.379s] -- Installing: /home/seif/workspace/my_ros/new_dir/topic_examples/install/topic_examples/share/topic_examples/environment/ament_prefix_path.sh
[7.379s] -- Installing: /home/seif/workspace/my_ros/new_dir/topic_examples/install/topic_examples/share/topic_examples/environment/ament_prefix_path.dsv
[7.380s] -- Installing: /home/seif/workspace/my_ros/new_dir/topic_examples/install/topic_examples/share/topic_examples/environment/path.sh
[7.380s] -- Installing: /home/seif/workspace/my_ros/new_dir/topic_examples/install/topic_examples/share/topic_examples/environment/path.dsv
[7.380s] -- Installing: /home/seif/workspace/my_ros/new_dir/topic_examples/install/topic_examples/share/topic_examples/local_setup.bash
[7.380s] -- Installing: /home/seif/workspace/my_ros/new_dir/topic_examples/install/topic_examples/share/topic_examples/local_setup.sh
[7.380s] -- Installing: /home/seif/workspace/my_ros/new_dir/topic_examples/install/topic_examples/share/topic_examples/local_setup.zsh
[7.380s] -- Installing: /home/seif/workspace/my_ros/new_dir/topic_examples/install/topic_examples/share/topic_examples/local_setup.dsv
[7.380s] -- Installing: /home/seif/workspace/my_ros/new_dir/topic_examples/install/topic_examples/share/topic_examples/package.dsv
[7.380s] -- Installing: /home/seif/workspace/my_ros/new_dir/topic_examples/install/topic_examples/share/ament_index/resource_index/packages/topic_examples
[7.380s] -- Installing: /home/seif/workspace/my_ros/new_dir/topic_examples/install/topic_examples/share/topic_examples/cmake/topic_examplesConfig.cmake
[7.380s] -- Installing: /home/seif/workspace/my_ros/new_dir/topic_examples/install/topic_examples/share/topic_examples/cmake/topic_examplesConfig-version.cmake
[7.380s] -- Installing: /home/seif/workspace/my_ros/new_dir/topic_examples/install/topic_examples/share/topic_examples/package.xml
[7.382s] Invoked command in '/home/seif/workspace/my_ros/new_dir/topic_examples/build/topic_examples' returned '0': CMAKE_PREFIX_PATH=/opt/ros/humble CONDA_PROMPT_MODIFIER=(base) /usr/bin/cmake --install /home/seif/workspace/my_ros/new_dir/topic_examples/build/topic_examples
