[0.007s] Invoking command in '/home/seif/workspace/my_ros/new_dir/ros101/build/ros101': CMAKE_PREFIX_PATH=${CMAKE_PREFIX_PATH}:/opt/ros/humble CONDA_PROMPT_MODIFIER=(base) /usr/bin/cmake /home/seif/workspace/my_ros/new_dir/ros101 -DCMAKE_INSTALL_PREFIX=/home/seif/workspace/my_ros/new_dir/ros101/install/ros101
[0.057s] -- The C compiler identification is GNU 11.4.0
[0.099s] -- The CXX compiler identification is GNU 11.4.0
[0.105s] -- Detecting C compiler ABI info
[0.174s] -- Detecting C compiler ABI info - done
[0.185s] -- Check for working C compiler: /usr/bin/cc - skipped
[0.185s] -- Detecting C compile features
[0.186s] -- Detecting C compile features - done
[0.190s] -- Detecting CXX compiler ABI info
[0.256s] -- Detecting CXX compiler ABI info - done
[0.263s] -- Check for working CXX compiler: /usr/bin/c++ - skipped
[0.263s] -- Detecting CXX compile features
[0.264s] -- Detecting CXX compile features - done
[0.265s] -- Found ament_cmake: 1.3.14 (/opt/ros/humble/share/ament_cmake/cmake)
[0.579s] -- Found Python3: /home/seif/miniconda3/bin/python3 (found version "3.13.11") found components: Interpreter 
[0.655s] -- Found rclcpp: 16.0.19 (/opt/ros/humble/share/rclcpp/cmake)
[0.685s] -- Found rosidl_generator_c: 3.1.8 (/opt/ros/humble/share/rosidl_generator_c/cmake)
[0.689s] -- Found rosidl_adapter: 3.1.8 (/opt/ros/humble/share/rosidl_adapter/cmake)
[0.697s] -- Found rosidl_generator_cpp: 3.1.8 (/opt/ros/humble/share/rosidl_generator_cpp/cmake)
[0.706s] -- Using all available rosidl_typesupport_c: rosidl_typesupport_fastrtps_c;rosidl_typesupport_introspection_c
[0.716s] -- Using all available rosidl_typesupport_cpp: rosidl_typesupport_fastrtps_cpp;rosidl_typesupport_introspection_cpp
[0.743s] -- Found rmw_implementation_cmake: 6.1.2 (/opt/ros/humble/share/rmw_implementation_cmake/cmake)
[0.744s] -- Found rmw_fastrtps_cpp: 6.2.10 (/opt/ros/humble/share/rmw_fastrtps_cpp/cmake)
[0.809s] -- Found OpenSSL: /usr/lib/x86_64-linux-gnu/libcrypto.so (found version "3.0.2")  
[0.831s] -- Found FastRTPS: /opt/ros/humble/include  
[0.866s] -- Using RMW implementation 'rmw_fastrtps_cpp' as default
[0.872s] -- Looking for pthread.h
[0.930s] -- Looking for pthread.h - found
[0.930s] -- Performing Test CMAKE_HAVE_LIBC_PTHREAD
[0.994s] -- Performing Test CMAKE_HAVE_LIBC_PTHREAD - Success
[0.995s] -- Found Threads: TRUE  
[1.026s] -- Found ament_lint_auto: 0.12.15 (/opt/ros/humble/share/ament_lint_auto/cmake)
[1.107s] -- Added test 'cppcheck' to perform static code analysis on C / C++ code
[1.107s] -- Configured cppcheck include dirs: 
[1.107s] -- Configured cppcheck exclude dirs and/or files: 
[1.108s] -- Added test 'lint_cmake' to check CMake code style
[1.111s] -- Added test 'uncrustify' to check C / C++ code style
[1.111s] -- Configured uncrustify additional arguments: 
[1.111s] -- Added test 'xmllint' to check XML markup files
[1.112s] -- Configuring done
[1.119s] -- Generating done
[1.122s] -- Build files have been written to: /home/seif/workspace/my_ros/new_dir/ros101/build/ros101
[1.129s] Invoked command in '/home/seif/workspace/my_ros/new_dir/ros101/build/ros101' returned '0': CMAKE_PREFIX_PATH=${CMAKE_PREFIX_PATH}:/opt/ros/humble CONDA_PROMPT_MODIFIER=(base) /usr/bin/cmake /home/seif/workspace/my_ros/new_dir/ros101 -DCMAKE_INSTALL_PREFIX=/home/seif/workspace/my_ros/new_dir/ros101/install/ros101
[1.131s] Invoking command in '/home/seif/workspace/my_ros/new_dir/ros101/build/ros101': CMAKE_PREFIX_PATH=${CMAKE_PREFIX_PATH}:/opt/ros/humble CONDA_PROMPT_MODIFIER=(base) /usr/bin/cmake --build /home/seif/workspace/my_ros/new_dir/ros101/build/ros101 -- -j20 -l20
[1.176s] [ 25%] [32mBuilding CXX object CMakeFiles/subscriber_node.dir/src/subscriber_node.cpp.o[0m
[1.180s] [ 50%] [32mBuilding CXX object CMakeFiles/publisher_node.dir/src/publisher_node.cpp.o[0m
[4.057s] [ 75%] [32m[1mLinking CXX executable publisher_node[0m
[4.204s] [ 75%] Built target publisher_node
[6.621s] [100%] [32m[1mLinking CXX executable subscriber_node[0m
[6.895s] [100%] Built target subscriber_node
[6.906s] Invoked command in '/home/seif/workspace/my_ros/new_dir/ros101/build/ros101' returned '0': CMAKE_PREFIX_PATH=${CMAKE_PREFIX_PATH}:/opt/ros/humble CONDA_PROMPT_MODIFIER=(base) /usr/bin/cmake --build /home/seif/workspace/my_ros/new_dir/ros101/build/ros101 -- -j20 -l20
[6.916s] Invoking command in '/home/seif/workspace/my_ros/new_dir/ros101/build/ros101': CMAKE_PREFIX_PATH=${CMAKE_PREFIX_PATH}:/opt/ros/humble CONDA_PROMPT_MODIFIER=(base) /usr/bin/cmake --install /home/seif/workspace/my_ros/new_dir/ros101/build/ros101
[6.923s] -- Install configuration: ""
[6.923s] -- Installing: /home/seif/workspace/my_ros/new_dir/ros101/install/ros101/lib/ros101/publisher_node
[6.923s] -- Set runtime path of "/home/seif/workspace/my_ros/new_dir/ros101/install/ros101/lib/ros101/publisher_node" to ""
[6.923s] -- Installing: /home/seif/workspace/my_ros/new_dir/ros101/install/ros101/lib/ros101/subscriber_node
[6.925s] -- Set runtime path of "/home/seif/workspace/my_ros/new_dir/ros101/install/ros101/lib/ros101/subscriber_node" to ""
[6.925s] [31mCMake Error at cmake_install.cmake:86 (file):
[6.925s]   file INSTALL cannot find
[6.925s]   "/home/seif/workspace/my_ros/new_dir/ros101/launch": No such file or
[6.925s]   directory.
[6.925s] 
[6.925s] [0m
[6.926s] Invoked command in '/home/seif/workspace/my_ros/new_dir/ros101/build/ros101' returned '1': CMAKE_PREFIX_PATH=${CMAKE_PREFIX_PATH}:/opt/ros/humble CONDA_PROMPT_MODIFIER=(base) /usr/bin/cmake --install /home/seif/workspace/my_ros/new_dir/ros101/build/ros101
