-- Found ament_cmake: 1.3.14 (/opt/ros/humble/share/ament_cmake/cmake)
-- Found rclcpp: 16.0.19 (/opt/ros/humble/share/rclcpp/cmake)
-- Found rosidl_generator_c: 3.1.8 (/opt/ros/humble/share/rosidl_generator_c/cmake)
-- Found rosidl_adapter: 3.1.8 (/opt/ros/humble/share/rosidl_adapter/cmake)
-- Found rosidl_generator_cpp: 3.1.8 (/opt/ros/humble/share/rosidl_generator_cpp/cmake)
-- Using all available rosidl_typesupport_c: rosidl_typesupport_fastrtps_c;rosidl_typesupport_introspection_c
-- Using all available rosidl_typesupport_cpp: rosidl_typesupport_fastrtps_cpp;rosidl_typesupport_introspection_cpp
-- Found rmw_implementation_cmake: 6.1.2 (/opt/ros/humble/share/rmw_implementation_cmake/cmake)
-- Found rmw_fastrtps_cpp: 6.2.10 (/opt/ros/humble/share/rmw_fastrtps_cpp/cmake)
-- Using RMW implementation 'rmw_fastrtps_cpp' as default
-- Found nav_msgs: 4.9.1 (/opt/ros/humble/share/nav_msgs/cmake)
-- Found ament_lint_auto: 0.12.15 (/opt/ros/humble/share/ament_lint_auto/cmake)
-- Added test 'cppcheck' to perform static code analysis on C / C++ code
-- Configured cppcheck include dirs: 
-- Configured cppcheck exclude dirs and/or files: 
-- Added test 'flake8' to check Python code syntax and style conventions
-- Added test 'lint_cmake' to check CMake code style
-- Added test 'pep257' to check Python code against some of the docstring style conventions in PEP 257
-- Added test 'uncrustify' to check C / C++ code style
-- Configured uncrustify additional arguments: 
-- Added test 'xmllint' to check XML markup files
-- Configuring done
-- Generating done
-- Build files have been written to: /home/seif/workspace/my_ros/src/odom_publisher/build/odom_publisher
[ 50%] [32mBuilding CXX object CMakeFiles/odom_publisher_node.dir/src/odom_publisher.cpp.o[0m
[100%] [32m[1mLinking CXX executable odom_publisher_node[0m
[100%] Built target odom_publisher_node
-- Install configuration: ""
-- Installing: /home/seif/workspace/my_ros/src/odom_publisher/install/odom_publisher/lib/odom_publisher/odom_publisher_node
-- Set runtime path of "/home/seif/workspace/my_ros/src/odom_publisher/install/odom_publisher/lib/odom_publisher/odom_publisher_node" to ""
-- Up-to-date: /home/seif/workspace/my_ros/src/odom_publisher/install/odom_publisher/share/ament_index/resource_index/package_run_dependencies/odom_publisher
-- Up-to-date: /home/seif/workspace/my_ros/src/odom_publisher/install/odom_publisher/share/ament_index/resource_index/parent_prefix_path/odom_publisher
-- Up-to-date: /home/seif/workspace/my_ros/src/odom_publisher/install/odom_publisher/share/odom_publisher/environment/ament_prefix_path.sh
-- Installing: /home/seif/workspace/my_ros/src/odom_publisher/install/odom_publisher/share/odom_publisher/environment/ament_prefix_path.dsv
-- Up-to-date: /home/seif/workspace/my_ros/src/odom_publisher/install/odom_publisher/share/odom_publisher/environment/path.sh
-- Installing: /home/seif/workspace/my_ros/src/odom_publisher/install/odom_publisher/share/odom_publisher/environment/path.dsv
-- Up-to-date: /home/seif/workspace/my_ros/src/odom_publisher/install/odom_publisher/share/odom_publisher/local_setup.bash
-- Up-to-date: /home/seif/workspace/my_ros/src/odom_publisher/install/odom_publisher/share/odom_publisher/local_setup.sh
-- Up-to-date: /home/seif/workspace/my_ros/src/odom_publisher/install/odom_publisher/share/odom_publisher/local_setup.zsh
-- Installing: /home/seif/workspace/my_ros/src/odom_publisher/install/odom_publisher/share/odom_publisher/local_setup.dsv
-- Installing: /home/seif/workspace/my_ros/src/odom_publisher/install/odom_publisher/share/odom_publisher/package.dsv
-- Up-to-date: /home/seif/workspace/my_ros/src/odom_publisher/install/odom_publisher/share/ament_index/resource_index/packages/odom_publisher
-- Up-to-date: /home/seif/workspace/my_ros/src/odom_publisher/install/odom_publisher/share/odom_publisher/cmake/odom_publisherConfig.cmake
-- Up-to-date: /home/seif/workspace/my_ros/src/odom_publisher/install/odom_publisher/share/odom_publisher/cmake/odom_publisherConfig-version.cmake
-- Up-to-date: /home/seif/workspace/my_ros/src/odom_publisher/install/odom_publisher/share/odom_publisher/package.xml
