[0.009s] Invoking command in '/home/seif/workspace/my_ros/src/odom_publisher/build/odom_publisher': CMAKE_PREFIX_PATH=/opt/ros/humble CONDA_PROMPT_MODIFIER=(base) /usr/bin/cmake --build /home/seif/workspace/my_ros/src/odom_publisher/build/odom_publisher -- -j20 -l20
[0.029s] -- Found ament_cmake: 1.3.14 (/opt/ros/humble/share/ament_cmake/cmake)
[0.128s] -- Found rclcpp: 16.0.19 (/opt/ros/humble/share/rclcpp/cmake)
[0.146s] -- Found rosidl_generator_c: 3.1.8 (/opt/ros/humble/share/rosidl_generator_c/cmake)
[0.147s] -- Found rosidl_adapter: 3.1.8 (/opt/ros/humble/share/rosidl_adapter/cmake)
[0.151s] -- Found rosidl_generator_cpp: 3.1.8 (/opt/ros/humble/share/rosidl_generator_cpp/cmake)
[0.156s] -- Using all available rosidl_typesupport_c: rosidl_typesupport_fastrtps_c;rosidl_typesupport_introspection_c
[0.163s] -- Using all available rosidl_typesupport_cpp: rosidl_typesupport_fastrtps_cpp;rosidl_typesupport_introspection_cpp
[0.182s] -- Found rmw_implementation_cmake: 6.1.2 (/opt/ros/humble/share/rmw_implementation_cmake/cmake)
[0.183s] -- Found rmw_fastrtps_cpp: 6.2.10 (/opt/ros/humble/share/rmw_fastrtps_cpp/cmake)
[0.255s] -- Using RMW implementation 'rmw_fastrtps_cpp' as default
[0.286s] -- Found nav_msgs: 4.9.1 (/opt/ros/humble/share/nav_msgs/cmake)
[0.304s] -- Found ament_lint_auto: 0.12.15 (/opt/ros/humble/share/ament_lint_auto/cmake)
[0.382s] -- Added test 'cppcheck' to perform static code analysis on C / C++ code
[0.382s] -- Configured cppcheck include dirs: 
[0.382s] -- Configured cppcheck exclude dirs and/or files: 
[0.382s] -- Added test 'flake8' to check Python code syntax and style conventions
[0.384s] -- Added test 'lint_cmake' to check CMake code style
[0.384s] -- Added test 'pep257' to check Python code against some of the docstring style conventions in PEP 257
[0.388s] -- Added test 'uncrustify' to check C / C++ code style
[0.388s] -- Configured uncrustify additional arguments: 
[0.389s] -- Added test 'xmllint' to check XML markup files
[0.389s] -- Configuring done
[0.395s] -- Generating done
[0.398s] -- Build files have been written to: /home/seif/workspace/my_ros/src/odom_publisher/build/odom_publisher
[0.429s] [ 50%] [32mBuilding CXX object CMakeFiles/odom_publisher_node.dir/src/odom_publisher.cpp.o[0m
[3.231s] [100%] [32m[1mLinking CXX executable odom_publisher_node[0m
[3.392s] [100%] Built target odom_publisher_node
[3.402s] Invoked command in '/home/seif/workspace/my_ros/src/odom_publisher/build/odom_publisher' returned '0': CMAKE_PREFIX_PATH=/opt/ros/humble CONDA_PROMPT_MODIFIER=(base) /usr/bin/cmake --build /home/seif/workspace/my_ros/src/odom_publisher/build/odom_publisher -- -j20 -l20
[3.410s] Invoking command in '/home/seif/workspace/my_ros/src/odom_publisher/build/odom_publisher': CMAKE_PREFIX_PATH=/opt/ros/humble CONDA_PROMPT_MODIFIER=(base) /usr/bin/cmake --install /home/seif/workspace/my_ros/src/odom_publisher/build/odom_publisher
[3.416s] -- Install configuration: ""
[3.416s] -- Installing: /home/seif/workspace/my_ros/src/odom_publisher/install/odom_publisher/lib/odom_publisher/odom_publisher_node
[3.416s] -- Set runtime path of "/home/seif/workspace/my_ros/src/odom_publisher/install/odom_publisher/lib/odom_publisher/odom_publisher_node" to ""
[3.416s] -- Up-to-date: /home/seif/workspace/my_ros/src/odom_publisher/install/odom_publisher/share/ament_index/resource_index/package_run_dependencies/odom_publisher
[3.416s] -- Up-to-date: /home/seif/workspace/my_ros/src/odom_publisher/install/odom_publisher/share/ament_index/resource_index/parent_prefix_path/odom_publisher
[3.416s] -- Up-to-date: /home/seif/workspace/my_ros/src/odom_publisher/install/odom_publisher/share/odom_publisher/environment/ament_prefix_path.sh
[3.417s] -- Installing: /home/seif/workspace/my_ros/src/odom_publisher/install/odom_publisher/share/odom_publisher/environment/ament_prefix_path.dsv
[3.417s] -- Up-to-date: /home/seif/workspace/my_ros/src/odom_publisher/install/odom_publisher/share/odom_publisher/environment/path.sh
[3.417s] -- Installing: /home/seif/workspace/my_ros/src/odom_publisher/install/odom_publisher/share/odom_publisher/environment/path.dsv
[3.417s] -- Up-to-date: /home/seif/workspace/my_ros/src/odom_publisher/install/odom_publisher/share/odom_publisher/local_setup.bash
[3.417s] -- Up-to-date: /home/seif/workspace/my_ros/src/odom_publisher/install/odom_publisher/share/odom_publisher/local_setup.sh
[3.417s] -- Up-to-date: /home/seif/workspace/my_ros/src/odom_publisher/install/odom_publisher/share/odom_publisher/local_setup.zsh
[3.417s] -- Installing: /home/seif/workspace/my_ros/src/odom_publisher/install/odom_publisher/share/odom_publisher/local_setup.dsv
[3.417s] -- Installing: /home/seif/workspace/my_ros/src/odom_publisher/install/odom_publisher/share/odom_publisher/package.dsv
[3.417s] -- Up-to-date: /home/seif/workspace/my_ros/src/odom_publisher/install/odom_publisher/share/ament_index/resource_index/packages/odom_publisher
[3.417s] -- Up-to-date: /home/seif/workspace/my_ros/src/odom_publisher/install/odom_publisher/share/odom_publisher/cmake/odom_publisherConfig.cmake
[3.417s] -- Up-to-date: /home/seif/workspace/my_ros/src/odom_publisher/install/odom_publisher/share/odom_publisher/cmake/odom_publisherConfig-version.cmake
[3.417s] -- Up-to-date: /home/seif/workspace/my_ros/src/odom_publisher/install/odom_publisher/share/odom_publisher/package.xml
[3.418s] Invoked command in '/home/seif/workspace/my_ros/src/odom_publisher/build/odom_publisher' returned '0': CMAKE_PREFIX_PATH=/opt/ros/humble CONDA_PROMPT_MODIFIER=(base) /usr/bin/cmake --install /home/seif/workspace/my_ros/src/odom_publisher/build/odom_publisher
