[0.390s] Invoking command in '/home/seif/workspace/my_ros/new_dir/obstacle_detection/build/obstacle_detection': CONDA_PROMPT_MODIFIER=(base) PYTHONPATH=/home/seif/workspace/my_ros/new_dir/obstacle_detection/build/obstacle_detection/prefix_override:/usr/lib/python3/dist-packages/colcon_core/task/python/colcon_distutils_commands:/home/seif/workspace/my_ros/new_dir/obstacle_detection/install/obstacle_detection/lib/python3.10/site-packages:${PYTHONPATH} /usr/bin/python3 -W ignore:setup.py install is deprecated -W ignore:easy_install command is deprecated setup.py develop --editable --build-directory /home/seif/workspace/my_ros/new_dir/obstacle_detection/build/obstacle_detection/build --no-deps symlink_data
[0.536s] running develop
[0.631s] running egg_info
[0.631s] creating obstacle_detection.egg-info
[0.631s] writing obstacle_detection.egg-info/PKG-INFO
[0.631s] writing dependency_links to obstacle_detection.egg-info/dependency_links.txt
[0.631s] writing entry points to obstacle_detection.egg-info/entry_points.txt
[0.631s] writing requirements to obstacle_detection.egg-info/requires.txt
[0.631s] writing top-level names to obstacle_detection.egg-info/top_level.txt
[0.632s] writing manifest file 'obstacle_detection.egg-info/SOURCES.txt'
[0.633s] reading manifest file 'obstacle_detection.egg-info/SOURCES.txt'
[0.633s] writing manifest file 'obstacle_detection.egg-info/SOURCES.txt'
[0.634s] running build_ext
[0.634s] Creating /home/seif/workspace/my_ros/new_dir/obstacle_detection/install/obstacle_detection/lib/python3.10/site-packages/obstacle-detection.egg-link (link to .)
[0.635s] Installing main_publisher script to /home/seif/workspace/my_ros/new_dir/obstacle_detection/install/obstacle_detection/lib/obstacle_detection
[0.635s] Installing subscriber script to /home/seif/workspace/my_ros/new_dir/obstacle_detection/install/obstacle_detection/lib/obstacle_detection
[0.635s] 
[0.635s] Installed /home/seif/workspace/my_ros/new_dir/obstacle_detection/build/obstacle_detection
[0.635s] running symlink_data
[0.635s] creating /home/seif/workspace/my_ros/new_dir/obstacle_detection/install/obstacle_detection/share/ament_index
[0.635s] creating /home/seif/workspace/my_ros/new_dir/obstacle_detection/install/obstacle_detection/share/ament_index/resource_index
[0.635s] creating /home/seif/workspace/my_ros/new_dir/obstacle_detection/install/obstacle_detection/share/ament_index/resource_index/packages
[0.635s] symbolically linking /home/seif/workspace/my_ros/new_dir/obstacle_detection/build/obstacle_detection/resource/obstacle_detection -> /home/seif/workspace/my_ros/new_dir/obstacle_detection/install/obstacle_detection/share/ament_index/resource_index/packages
[0.635s] symbolically linking /home/seif/workspace/my_ros/new_dir/obstacle_detection/build/obstacle_detection/package.xml -> /home/seif/workspace/my_ros/new_dir/obstacle_detection/install/obstacle_detection/share/obstacle_detection
[0.653s] Invoked command in '/home/seif/workspace/my_ros/new_dir/obstacle_detection/build/obstacle_detection' returned '0': CONDA_PROMPT_MODIFIER=(base) PYTHONPATH=/home/seif/workspace/my_ros/new_dir/obstacle_detection/build/obstacle_detection/prefix_override:/usr/lib/python3/dist-packages/colcon_core/task/python/colcon_distutils_commands:/home/seif/workspace/my_ros/new_dir/obstacle_detection/install/obstacle_detection/lib/python3.10/site-packages:${PYTHONPATH} /usr/bin/python3 -W ignore:setup.py install is deprecated -W ignore:easy_install command is deprecated setup.py develop --editable --build-directory /home/seif/workspace/my_ros/new_dir/obstacle_detection/build/obstacle_detection/build --no-deps symlink_data
