[0.008s] Invoking command in '/home/seif/workspace/my_ros/src/odom_publisher/build/odom_publisher': CMAKE_PREFIX_PATH=/opt/ros/humble CONDA_PROMPT_MODIFIER=(base) /usr/bin/cmake /home/seif/workspace/my_ros/src/odom_publisher -DCMAKE_INSTALL_PREFIX=/home/seif/workspace/my_ros/src/odom_publisher/install/odom_publisher
[0.078s] -- The C compiler identification is GNU 11.4.0
[0.154s] -- The CXX compiler identification is GNU 11.4.0
[0.164s] -- Detecting C compiler ABI info
[0.225s] -- Detecting C compiler ABI info - done
[0.231s] -- Check for working C compiler: /usr/bin/cc - skipped
[0.232s] -- Detecting C compile features
[0.232s] -- Detecting C compile features - done
[0.235s] -- Detecting CXX compiler ABI info
[0.305s] -- Detecting CXX compiler ABI info - done
[0.313s] -- Check for working CXX compiler: /usr/bin/c++ - skipped
[0.313s] -- Detecting CXX compile features
[0.314s] -- Detecting CXX compile features - done
[0.317s] -- Found ament_cmake: 1.3.14 (/opt/ros/humble/share/ament_cmake/cmake)
[0.609s] -- Found Python3: /home/seif/miniconda3/bin/python3 (found version "3.13.11") found components: Interpreter 
[0.696s] -- Found rclcpp: 16.0.19 (/opt/ros/humble/share/rclcpp/cmake)
[0.735s] -- Found rosidl_generator_c: 3.1.8 (/opt/ros/humble/share/rosidl_generator_c/cmake)
[0.738s] -- Found rosidl_adapter: 3.1.8 (/opt/ros/humble/share/rosidl_adapter/cmake)
[0.749s] -- Found rosidl_generator_cpp: 3.1.8 (/opt/ros/humble/share/rosidl_generator_cpp/cmake)
[0.760s] -- Using all available rosidl_typesupport_c: rosidl_typesupport_fastrtps_c;rosidl_typesupport_introspection_c
[0.777s] -- Using all available rosidl_typesupport_cpp: rosidl_typesupport_fastrtps_cpp;rosidl_typesupport_introspection_cpp
[0.812s] -- Found rmw_implementation_cmake: 6.1.2 (/opt/ros/humble/share/rmw_implementation_cmake/cmake)
[0.814s] -- Found rmw_fastrtps_cpp: 6.2.10 (/opt/ros/humble/share/rmw_fastrtps_cpp/cmake)
[0.885s] -- Found OpenSSL: /usr/lib/x86_64-linux-gnu/libcrypto.so (found version "3.0.2")  
[0.910s] -- Found FastRTPS: /opt/ros/humble/include  
[0.939s] -- Using RMW implementation 'rmw_fastrtps_cpp' as default
[0.947s] -- Looking for pthread.h
[1.007s] -- Looking for pthread.h - found
[1.008s] -- Performing Test CMAKE_HAVE_LIBC_PTHREAD
[1.068s] -- Performing Test CMAKE_HAVE_LIBC_PTHREAD - Success
[1.069s] -- Found Threads: TRUE  
[1.112s] -- Found nav_msgs: 4.9.1 (/opt/ros/humble/share/nav_msgs/cmake)
[1.138s] -- Found ament_lint_auto: 0.12.15 (/opt/ros/humble/share/ament_lint_auto/cmake)
[1.245s] -- Added test 'cppcheck' to perform static code analysis on C / C++ code
[1.245s] -- Configured cppcheck include dirs: 
[1.245s] -- Configured cppcheck exclude dirs and/or files: 
[1.247s] -- Added test 'lint_cmake' to check CMake code style
[1.252s] -- Added test 'uncrustify' to check C / C++ code style
[1.252s] -- Configured uncrustify additional arguments: 
[1.253s] -- Added test 'xmllint' to check XML markup files
[1.255s] -- Configuring done
[1.258s] -- Generating done
[1.261s] -- Build files have been written to: /home/seif/workspace/my_ros/src/odom_publisher/build/odom_publisher
[1.269s] Invoked command in '/home/seif/workspace/my_ros/src/odom_publisher/build/odom_publisher' returned '0': CMAKE_PREFIX_PATH=/opt/ros/humble CONDA_PROMPT_MODIFIER=(base) /usr/bin/cmake /home/seif/workspace/my_ros/src/odom_publisher -DCMAKE_INSTALL_PREFIX=/home/seif/workspace/my_ros/src/odom_publisher/install/odom_publisher
[1.271s] Invoking command in '/home/seif/workspace/my_ros/src/odom_publisher/build/odom_publisher': CMAKE_PREFIX_PATH=/opt/ros/humble CONDA_PROMPT_MODIFIER=(base) /usr/bin/cmake --build /home/seif/workspace/my_ros/src/odom_publisher/build/odom_publisher -- -j20 -l20
[1.308s] Invoked command in '/home/seif/workspace/my_ros/src/odom_publisher/build/odom_publisher' returned '0': CMAKE_PREFIX_PATH=/opt/ros/humble CONDA_PROMPT_MODIFIER=(base) /usr/bin/cmake --build /home/seif/workspace/my_ros/src/odom_publisher/build/odom_publisher -- -j20 -l20
[1.318s] Invoking command in '/home/seif/workspace/my_ros/src/odom_publisher/build/odom_publisher': CMAKE_PREFIX_PATH=/opt/ros/humble CONDA_PROMPT_MODIFIER=(base) /usr/bin/cmake --install /home/seif/workspace/my_ros/src/odom_publisher/build/odom_publisher
[1.325s] -- Install configuration: ""
[1.325s] -- Installing: /home/seif/workspace/my_ros/src/odom_publisher/install/odom_publisher/share/ament_index/resource_index/package_run_dependencies/odom_publisher
[1.325s] -- Installing: /home/seif/workspace/my_ros/src/odom_publisher/install/odom_publisher/share/ament_index/resource_index/parent_prefix_path/odom_publisher
[1.325s] -- Installing: /home/seif/workspace/my_ros/src/odom_publisher/install/odom_publisher/share/odom_publisher/environment/ament_prefix_path.sh
[1.325s] -- Installing: /home/seif/workspace/my_ros/src/odom_publisher/install/odom_publisher/share/odom_publisher/environment/ament_prefix_path.dsv
[1.325s] -- Installing: /home/seif/workspace/my_ros/src/odom_publisher/install/odom_publisher/share/odom_publisher/environment/path.sh
[1.325s] -- Installing: /home/seif/workspace/my_ros/src/odom_publisher/install/odom_publisher/share/odom_publisher/environment/path.dsv
[1.326s] -- Installing: /home/seif/workspace/my_ros/src/odom_publisher/install/odom_publisher/share/odom_publisher/local_setup.bash
[1.326s] -- Installing: /home/seif/workspace/my_ros/src/odom_publisher/install/odom_publisher/share/odom_publisher/local_setup.sh
[1.326s] -- Installing: /home/seif/workspace/my_ros/src/odom_publisher/install/odom_publisher/share/odom_publisher/local_setup.zsh
[1.326s] -- Installing: /home/seif/workspace/my_ros/src/odom_publisher/install/odom_publisher/share/odom_publisher/local_setup.dsv
[1.326s] -- Installing: /home/seif/workspace/my_ros/src/odom_publisher/install/odom_publisher/share/odom_publisher/package.dsv
[1.326s] -- Installing: /home/seif/workspace/my_ros/src/odom_publisher/install/odom_publisher/share/ament_index/resource_index/packages/odom_publisher
[1.326s] -- Installing: /home/seif/workspace/my_ros/src/odom_publisher/install/odom_publisher/share/odom_publisher/cmake/odom_publisherConfig.cmake
[1.326s] -- Installing: /home/seif/workspace/my_ros/src/odom_publisher/install/odom_publisher/share/odom_publisher/cmake/odom_publisherConfig-version.cmake
[1.326s] -- Installing: /home/seif/workspace/my_ros/src/odom_publisher/install/odom_publisher/share/odom_publisher/package.xml
[1.327s] Invoked command in '/home/seif/workspace/my_ros/src/odom_publisher/build/odom_publisher' returned '0': CMAKE_PREFIX_PATH=/opt/ros/humble CONDA_PROMPT_MODIFIER=(base) /usr/bin/cmake --install /home/seif/workspace/my_ros/src/odom_publisher/build/odom_publisher
