[0.066s] DEBUG:colcon:Command line arguments: ['/usr/bin/colcon', 'build', '--packages-select', 'obstacle_detection', '--symlink-install']
[0.066s] DEBUG:colcon:Parsed command line arguments: Namespace(log_base=None, log_level=None, verb_name='build', build_base='build', install_base='install', merge_install=False, symlink_install=True, test_result_base=None, continue_on_error=False, executor='parallel', parallel_workers=20, event_handlers=None, ignore_user_meta=False, metas=['./colcon.meta'], base_paths=['.'], packages_ignore=None, packages_ignore_regex=None, paths=None, packages_up_to=None, packages_up_to_regex=None, packages_above=None, packages_above_and_dependencies=None, packages_above_depth=None, packages_select_by_dep=None, packages_skip_by_dep=None, packages_skip_up_to=None, packages_select_build_failed=False, packages_skip_build_finished=False, packages_select_test_failures=False, packages_skip_test_passed=False, packages_select=['obstacle_detection'], packages_skip=None, packages_select_regex=None, packages_skip_regex=None, packages_start=None, packages_end=None, allow_overriding=[], cmake_args=None, cmake_target=None, cmake_target_skip_unavailable=False, cmake_clean_cache=False, cmake_clean_first=False, cmake_force_configure=False, ament_cmake_args=None, catkin_cmake_args=None, catkin_skip_building_tests=False, mixin_files=None, mixin=None, verb_parser=<colcon_mixin.mixin.mixin_argument.MixinArgumentDecorator object at 0x74bd288737c0>, verb_extension=<colcon_core.verb.build.BuildVerb object at 0x74bd288731c0>, main=<bound method BuildVerb.main of <colcon_core.verb.build.BuildVerb object at 0x74bd288731c0>>, mixin_verb=('build',))
[0.156s] Level 1:colcon.colcon_core.package_discovery:discover_packages(colcon_meta) check parameters
[0.157s] Level 1:colcon.colcon_core.package_discovery:discover_packages(recursive) check parameters
[0.157s] Level 1:colcon.colcon_core.package_discovery:discover_packages(ignore) check parameters
[0.157s] Level 1:colcon.colcon_core.package_discovery:discover_packages(path) check parameters
[0.157s] Level 1:colcon.colcon_core.package_discovery:discover_packages(colcon_meta) discover
[0.157s] Level 1:colcon.colcon_core.package_discovery:discover_packages(recursive) discover
[0.157s] INFO:colcon.colcon_core.package_discovery:Crawling recursively for packages in '/home/seif/workspace/my_ros/new_dir/obstacle_detection'
[0.157s] Level 1:colcon.colcon_core.package_identification:_identify(.) by extensions ['ignore', 'ignore_ament_install']
[0.157s] Level 1:colcon.colcon_core.package_identification:_identify(.) by extension 'ignore'
[0.157s] Level 1:colcon.colcon_core.package_identification:_identify(.) by extension 'ignore_ament_install'
[0.157s] Level 1:colcon.colcon_core.package_identification:_identify(.) by extensions ['colcon_pkg']
[0.157s] Level 1:colcon.colcon_core.package_identification:_identify(.) by extension 'colcon_pkg'
[0.157s] Level 1:colcon.colcon_core.package_identification:_identify(.) by extensions ['colcon_meta']
[0.157s] Level 1:colcon.colcon_core.package_identification:_identify(.) by extension 'colcon_meta'
[0.157s] Level 1:colcon.colcon_core.package_identification:_identify(.) by extensions ['ros']
[0.157s] Level 1:colcon.colcon_core.package_identification:_identify(.) by extension 'ros'
[0.182s] DEBUG:colcon.colcon_core.package_identification:Package '.' with type 'ros.ament_python' and name 'obstacle_detection'
[0.182s] Level 1:colcon.colcon_core.package_discovery:discover_packages(recursive) using defaults
[0.182s] Level 1:colcon.colcon_core.package_discovery:discover_packages(ignore) discover
[0.182s] Level 1:colcon.colcon_core.package_discovery:discover_packages(ignore) using defaults
[0.182s] Level 1:colcon.colcon_core.package_discovery:discover_packages(path) discover
[0.182s] Level 1:colcon.colcon_core.package_discovery:discover_packages(path) using defaults
[0.194s] Level 1:colcon.colcon_core.package_discovery:discover_packages(prefix_path) check parameters
[0.194s] Level 1:colcon.colcon_core.package_discovery:discover_packages(prefix_path) discover
[0.195s] DEBUG:colcon.colcon_installed_package_information.package_discovery:Found 1 installed packages in /home/seif/workspace/my_ros/new_dir/lap_degree/install
[0.195s] DEBUG:colcon.colcon_installed_package_information.package_discovery:Found 1 installed packages in /home/seif/workspace/my_ros/new_dir/ros101/install
[0.195s] DEBUG:colcon.colcon_installed_package_information.package_discovery:Found 1 installed packages in /home/seif/workspace/my_ros/new_dir/topic_examples/install
[0.196s] DEBUG:colcon.colcon_installed_package_information.package_discovery:Found 273 installed packages in /opt/ros/humble
[0.197s] Level 1:colcon.colcon_core.package_discovery:discover_packages(prefix_path) using defaults
[0.215s] Level 5:colcon.colcon_core.verb:set package 'obstacle_detection' build argument 'cmake_args' from command line to 'None'
[0.215s] Level 5:colcon.colcon_core.verb:set package 'obstacle_detection' build argument 'cmake_target' from command line to 'None'
[0.215s] Level 5:colcon.colcon_core.verb:set package 'obstacle_detection' build argument 'cmake_target_skip_unavailable' from command line to 'False'
[0.215s] Level 5:colcon.colcon_core.verb:set package 'obstacle_detection' build argument 'cmake_clean_cache' from command line to 'False'
[0.215s] Level 5:colcon.colcon_core.verb:set package 'obstacle_detection' build argument 'cmake_clean_first' from command line to 'False'
[0.215s] Level 5:colcon.colcon_core.verb:set package 'obstacle_detection' build argument 'cmake_force_configure' from command line to 'False'
[0.215s] Level 5:colcon.colcon_core.verb:set package 'obstacle_detection' build argument 'ament_cmake_args' from command line to 'None'
[0.215s] Level 5:colcon.colcon_core.verb:set package 'obstacle_detection' build argument 'catkin_cmake_args' from command line to 'None'
[0.215s] Level 5:colcon.colcon_core.verb:set package 'obstacle_detection' build argument 'catkin_skip_building_tests' from command line to 'False'
[0.215s] DEBUG:colcon.colcon_core.verb:Building package 'obstacle_detection' with the following arguments: {'ament_cmake_args': None, 'build_base': '/home/seif/workspace/my_ros/new_dir/obstacle_detection/build/obstacle_detection', 'catkin_cmake_args': None, 'catkin_skip_building_tests': False, 'cmake_args': None, 'cmake_clean_cache': False, 'cmake_clean_first': False, 'cmake_force_configure': False, 'cmake_target': None, 'cmake_target_skip_unavailable': False, 'install_base': '/home/seif/workspace/my_ros/new_dir/obstacle_detection/install/obstacle_detection', 'merge_install': False, 'path': '/home/seif/workspace/my_ros/new_dir/obstacle_detection', 'symlink_install': True, 'test_result_base': None}
[0.215s] INFO:colcon.colcon_core.executor:Executing jobs using 'parallel' executor
[0.216s] DEBUG:colcon.colcon_parallel_executor.executor.parallel:run_until_complete
[0.216s] INFO:colcon.colcon_ros.task.ament_python.build:Building ROS package in '/home/seif/workspace/my_ros/new_dir/obstacle_detection' with build type 'ament_python'
[0.216s] Level 1:colcon.colcon_core.shell:create_environment_hook('obstacle_detection', 'ament_prefix_path')
[0.217s] INFO:colcon.colcon_core.plugin_system:Skipping extension 'colcon_core.shell.bat': Not used on non-Windows systems
[0.217s] INFO:colcon.colcon_core.shell:Creating environment hook '/home/seif/workspace/my_ros/new_dir/obstacle_detection/install/obstacle_detection/share/obstacle_detection/hook/ament_prefix_path.ps1'
[0.218s] INFO:colcon.colcon_core.shell:Creating environment descriptor '/home/seif/workspace/my_ros/new_dir/obstacle_detection/install/obstacle_detection/share/obstacle_detection/hook/ament_prefix_path.dsv'
[0.218s] INFO:colcon.colcon_core.shell:Creating environment hook '/home/seif/workspace/my_ros/new_dir/obstacle_detection/install/obstacle_detection/share/obstacle_detection/hook/ament_prefix_path.sh'
[0.218s] INFO:colcon.colcon_core.shell:Skip shell extension 'powershell' for command environment: Not usable outside of PowerShell
[0.219s] DEBUG:colcon.colcon_core.shell:Skip shell extension 'dsv' for command environment
[0.386s] INFO:colcon.colcon_core.task.python.build:Building Python package in '/home/seif/workspace/my_ros/new_dir/obstacle_detection'
[0.387s] INFO:colcon.colcon_core.shell:Skip shell extension 'powershell' for command environment: Not usable outside of PowerShell
[0.387s] DEBUG:colcon.colcon_core.shell:Skip shell extension 'dsv' for command environment
[0.606s] DEBUG:colcon.colcon_core.event_handler.log_command:Invoking command in '/home/seif/workspace/my_ros/new_dir/obstacle_detection/build/obstacle_detection': CONDA_PROMPT_MODIFIER=(base) PYTHONPATH=/home/seif/workspace/my_ros/new_dir/obstacle_detection/build/obstacle_detection/prefix_override:/usr/lib/python3/dist-packages/colcon_core/task/python/colcon_distutils_commands:/home/seif/workspace/my_ros/new_dir/obstacle_detection/install/obstacle_detection/lib/python3.10/site-packages:${PYTHONPATH} /usr/bin/python3 -W ignore:setup.py install is deprecated -W ignore:easy_install command is deprecated setup.py develop --editable --build-directory /home/seif/workspace/my_ros/new_dir/obstacle_detection/build/obstacle_detection/build --no-deps symlink_data
[0.868s] Level 1:colcon.colcon_core.shell:create_environment_hook('obstacle_detection', 'pythonpath_develop')
[0.869s] INFO:colcon.colcon_core.shell:Creating environment hook '/home/seif/workspace/my_ros/new_dir/obstacle_detection/build/obstacle_detection/share/obstacle_detection/hook/pythonpath_develop.ps1'
[0.869s] DEBUG:colcon.colcon_core.event_handler.log_command:Invoked command in '/home/seif/workspace/my_ros/new_dir/obstacle_detection/build/obstacle_detection' returned '0': CONDA_PROMPT_MODIFIER=(base) PYTHONPATH=/home/seif/workspace/my_ros/new_dir/obstacle_detection/build/obstacle_detection/prefix_override:/usr/lib/python3/dist-packages/colcon_core/task/python/colcon_distutils_commands:/home/seif/workspace/my_ros/new_dir/obstacle_detection/install/obstacle_detection/lib/python3.10/site-packages:${PYTHONPATH} /usr/bin/python3 -W ignore:setup.py install is deprecated -W ignore:easy_install command is deprecated setup.py develop --editable --build-directory /home/seif/workspace/my_ros/new_dir/obstacle_detection/build/obstacle_detection/build --no-deps symlink_data
[0.869s] INFO:colcon.colcon_core.shell:Creating environment descriptor '/home/seif/workspace/my_ros/new_dir/obstacle_detection/build/obstacle_detection/share/obstacle_detection/hook/pythonpath_develop.dsv'
[0.869s] INFO:colcon.colcon_core.shell:Creating environment hook '/home/seif/workspace/my_ros/new_dir/obstacle_detection/build/obstacle_detection/share/obstacle_detection/hook/pythonpath_develop.sh'
[0.871s] Level 1:colcon.colcon_core.environment:checking '/home/seif/workspace/my_ros/new_dir/obstacle_detection/install/obstacle_detection' for CMake module files
[0.871s] Level 1:colcon.colcon_core.environment:checking '/home/seif/workspace/my_ros/new_dir/obstacle_detection/install/obstacle_detection' for CMake config files
[0.871s] Level 1:colcon.colcon_core.environment:checking '/home/seif/workspace/my_ros/new_dir/obstacle_detection/install/obstacle_detection/lib'
[0.871s] Level 1:colcon.colcon_core.environment:checking '/home/seif/workspace/my_ros/new_dir/obstacle_detection/install/obstacle_detection/bin'
[0.871s] Level 1:colcon.colcon_core.environment:checking '/home/seif/workspace/my_ros/new_dir/obstacle_detection/install/obstacle_detection/lib/pkgconfig/obstacle_detection.pc'
[0.872s] Level 1:colcon.colcon_core.environment:checking '/home/seif/workspace/my_ros/new_dir/obstacle_detection/install/obstacle_detection/lib/python3.10/site-packages'
[0.872s] Level 1:colcon.colcon_core.shell:create_environment_hook('obstacle_detection', 'pythonpath')
[0.872s] INFO:colcon.colcon_core.shell:Creating environment hook '/home/seif/workspace/my_ros/new_dir/obstacle_detection/install/obstacle_detection/share/obstacle_detection/hook/pythonpath.ps1'
[0.872s] INFO:colcon.colcon_core.shell:Creating environment descriptor '/home/seif/workspace/my_ros/new_dir/obstacle_detection/install/obstacle_detection/share/obstacle_detection/hook/pythonpath.dsv'
[0.872s] INFO:colcon.colcon_core.shell:Creating environment hook '/home/seif/workspace/my_ros/new_dir/obstacle_detection/install/obstacle_detection/share/obstacle_detection/hook/pythonpath.sh'
[0.872s] Level 1:colcon.colcon_core.environment:checking '/home/seif/workspace/my_ros/new_dir/obstacle_detection/install/obstacle_detection/bin'
[0.873s] Level 1:colcon.colcon_core.environment:create_environment_scripts_only(obstacle_detection)
[0.873s] INFO:colcon.colcon_core.shell:Creating package script '/home/seif/workspace/my_ros/new_dir/obstacle_detection/install/obstacle_detection/share/obstacle_detection/package.ps1'
[0.873s] INFO:colcon.colcon_core.shell:Creating package descriptor '/home/seif/workspace/my_ros/new_dir/obstacle_detection/install/obstacle_detection/share/obstacle_detection/package.dsv'
[0.874s] INFO:colcon.colcon_core.shell:Creating package script '/home/seif/workspace/my_ros/new_dir/obstacle_detection/install/obstacle_detection/share/obstacle_detection/package.sh'
[0.874s] INFO:colcon.colcon_core.shell:Creating package script '/home/seif/workspace/my_ros/new_dir/obstacle_detection/install/obstacle_detection/share/obstacle_detection/package.bash'
[0.874s] INFO:colcon.colcon_core.shell:Creating package script '/home/seif/workspace/my_ros/new_dir/obstacle_detection/install/obstacle_detection/share/obstacle_detection/package.zsh'
[0.875s] Level 1:colcon.colcon_core.environment:create_file_with_runtime_dependencies(/home/seif/workspace/my_ros/new_dir/obstacle_detection/install/obstacle_detection/share/colcon-core/packages/obstacle_detection)
[0.875s] DEBUG:colcon.colcon_parallel_executor.executor.parallel:closing loop
[0.875s] DEBUG:colcon.colcon_parallel_executor.executor.parallel:loop closed
[0.875s] DEBUG:colcon.colcon_parallel_executor.executor.parallel:run_until_complete finished with '0'
[0.875s] DEBUG:colcon.colcon_core.event_reactor:joining thread
[0.878s] INFO:colcon.colcon_core.plugin_system:Skipping extension 'colcon_notification.desktop_notification.terminal_notifier': Not used on non-Darwin systems
[0.878s] INFO:colcon.colcon_core.plugin_system:Skipping extension 'colcon_notification.desktop_notification.win32': Not used on non-Windows systems
[0.878s] INFO:colcon.colcon_notification.desktop_notification:Sending desktop notification using 'notify2'
[0.887s] DEBUG:colcon.colcon_core.event_reactor:joined thread
[0.888s] INFO:colcon.colcon_core.shell:Creating prefix script '/home/seif/workspace/my_ros/new_dir/obstacle_detection/install/local_setup.ps1'
[0.888s] INFO:colcon.colcon_core.shell:Creating prefix util module '/home/seif/workspace/my_ros/new_dir/obstacle_detection/install/_local_setup_util_ps1.py'
[0.889s] INFO:colcon.colcon_core.shell:Creating prefix chain script '/home/seif/workspace/my_ros/new_dir/obstacle_detection/install/setup.ps1'
[0.890s] INFO:colcon.colcon_core.shell:Creating prefix script '/home/seif/workspace/my_ros/new_dir/obstacle_detection/install/local_setup.sh'
[0.891s] INFO:colcon.colcon_core.shell:Creating prefix util module '/home/seif/workspace/my_ros/new_dir/obstacle_detection/install/_local_setup_util_sh.py'
[0.891s] INFO:colcon.colcon_core.shell:Creating prefix chain script '/home/seif/workspace/my_ros/new_dir/obstacle_detection/install/setup.sh'
[0.891s] INFO:colcon.colcon_core.shell:Creating prefix script '/home/seif/workspace/my_ros/new_dir/obstacle_detection/install/local_setup.bash'
[0.892s] INFO:colcon.colcon_core.shell:Creating prefix chain script '/home/seif/workspace/my_ros/new_dir/obstacle_detection/install/setup.bash'
[0.892s] INFO:colcon.colcon_core.shell:Creating prefix script '/home/seif/workspace/my_ros/new_dir/obstacle_detection/install/local_setup.zsh'
[0.892s] INFO:colcon.colcon_core.shell:Creating prefix chain script '/home/seif/workspace/my_ros/new_dir/obstacle_detection/install/setup.zsh'
