[0.011s] Invoking command in '/home/seif/workspace/my_ros/new_dir/ros101/build/ros101': CMAKE_PREFIX_PATH=${CMAKE_PREFIX_PATH}:/opt/ros/humble CONDA_PROMPT_MODIFIER=(base) /usr/bin/cmake --build /home/seif/workspace/my_ros/new_dir/ros101/build/ros101 -- -j20 -l20
[0.047s] [35m[1mConsolidate compiler generated dependencies of target int32_publisher[0m
[0.048s] [35m[1mConsolidate compiler generated dependencies of target int32_subscriber[0m
[0.062s] [ 25%] [32mBuilding CXX object CMakeFiles/int32_publisher.dir/src/MyInt32Publisher.cpp.o[0m
[0.063s] [ 50%] [32mBuilding CXX object CMakeFiles/int32_subscriber.dir/src/MyInt32Subscriber.cpp.o[0m
[2.953s] [ 75%] [32m[1mLinking CXX executable int32_publisher[0m
[3.081s] [ 75%] Built target int32_publisher
[5.482s] [100%] [32m[1mLinking CXX executable int32_subscriber[0m
[5.725s] [100%] Built target int32_subscriber
[5.736s] Invoked command in '/home/seif/workspace/my_ros/new_dir/ros101/build/ros101' returned '0': CMAKE_PREFIX_PATH=${CMAKE_PREFIX_PATH}:/opt/ros/humble CONDA_PROMPT_MODIFIER=(base) /usr/bin/cmake --build /home/seif/workspace/my_ros/new_dir/ros101/build/ros101 -- -j20 -l20
[5.745s] Invoking command in '/home/seif/workspace/my_ros/new_dir/ros101/build/ros101': CMAKE_PREFIX_PATH=${CMAKE_PREFIX_PATH}:/opt/ros/humble CONDA_PROMPT_MODIFIER=(base) /usr/bin/cmake --install /home/seif/workspace/my_ros/new_dir/ros101/build/ros101
[5.750s] -- Install configuration: ""
[5.750s] -- Installing: /home/seif/workspace/my_ros/new_dir/ros101/install/ros101/lib/ros101/int32_publisher
[5.751s] -- Set runtime path of "/home/seif/workspace/my_ros/new_dir/ros101/install/ros101/lib/ros101/int32_publisher" to ""
[5.751s] -- Installing: /home/seif/workspace/my_ros/new_dir/ros101/install/ros101/lib/ros101/int32_subscriber
[5.753s] -- Set runtime path of "/home/seif/workspace/my_ros/new_dir/ros101/install/ros101/lib/ros101/int32_subscriber" to ""
[5.753s] -- Up-to-date: /home/seif/workspace/my_ros/new_dir/ros101/install/ros101/share/ament_index/resource_index/package_run_dependencies/ros101
[5.753s] -- Up-to-date: /home/seif/workspace/my_ros/new_dir/ros101/install/ros101/share/ament_index/resource_index/parent_prefix_path/ros101
[5.753s] -- Up-to-date: /home/seif/workspace/my_ros/new_dir/ros101/install/ros101/share/ros101/environment/ament_prefix_path.sh
[5.753s] -- Up-to-date: /home/seif/workspace/my_ros/new_dir/ros101/install/ros101/share/ros101/environment/ament_prefix_path.dsv
[5.753s] -- Up-to-date: /home/seif/workspace/my_ros/new_dir/ros101/install/ros101/share/ros101/environment/path.sh
[5.753s] -- Up-to-date: /home/seif/workspace/my_ros/new_dir/ros101/install/ros101/share/ros101/environment/path.dsv
[5.753s] -- Up-to-date: /home/seif/workspace/my_ros/new_dir/ros101/install/ros101/share/ros101/local_setup.bash
[5.754s] -- Up-to-date: /home/seif/workspace/my_ros/new_dir/ros101/install/ros101/share/ros101/local_setup.sh
[5.754s] -- Up-to-date: /home/seif/workspace/my_ros/new_dir/ros101/install/ros101/share/ros101/local_setup.zsh
[5.754s] -- Up-to-date: /home/seif/workspace/my_ros/new_dir/ros101/install/ros101/share/ros101/local_setup.dsv
[5.754s] -- Installing: /home/seif/workspace/my_ros/new_dir/ros101/install/ros101/share/ros101/package.dsv
[5.754s] -- Up-to-date: /home/seif/workspace/my_ros/new_dir/ros101/install/ros101/share/ament_index/resource_index/packages/ros101
[5.754s] -- Up-to-date: /home/seif/workspace/my_ros/new_dir/ros101/install/ros101/share/ros101/cmake/ros101Config.cmake
[5.754s] -- Up-to-date: /home/seif/workspace/my_ros/new_dir/ros101/install/ros101/share/ros101/cmake/ros101Config-version.cmake
[5.754s] -- Up-to-date: /home/seif/workspace/my_ros/new_dir/ros101/install/ros101/share/ros101/package.xml
[5.755s] Invoked command in '/home/seif/workspace/my_ros/new_dir/ros101/build/ros101' returned '0': CMAKE_PREFIX_PATH=${CMAKE_PREFIX_PATH}:/opt/ros/humble CONDA_PROMPT_MODIFIER=(base) /usr/bin/cmake --install /home/seif/workspace/my_ros/new_dir/ros101/build/ros101
