[35m[1mConsolidate compiler generated dependencies of target int32_publisher[0m
[35m[1mConsolidate compiler generated dependencies of target int32_subscriber[0m
[ 25%] [32mBuilding CXX object CMakeFiles/int32_subscriber.dir/src/MyInt32Subscriber.cpp.o[0m
[ 50%] [32mBuilding CXX object CMakeFiles/int32_publisher.dir/src/MyInt32Publisher.cpp.o[0m
[ 75%] [32m[1mLinking CXX executable int32_publisher[0m
[ 75%] Built target int32_publisher
[100%] [32m[1mLinking CXX executable int32_subscriber[0m
[100%] Built target int32_subscriber
-- Install configuration: ""
-- Installing: /home/seif/workspace/my_ros/new_dir/ros101/install/ros101/lib/ros101/int32_publisher
-- Set runtime path of "/home/seif/workspace/my_ros/new_dir/ros101/install/ros101/lib/ros101/int32_publisher" to ""
-- Installing: /home/seif/workspace/my_ros/new_dir/ros101/install/ros101/lib/ros101/int32_subscriber
-- Set runtime path of "/home/seif/workspace/my_ros/new_dir/ros101/install/ros101/lib/ros101/int32_subscriber" to ""
-- Up-to-date: /home/seif/workspace/my_ros/new_dir/ros101/install/ros101/share/ament_index/resource_index/package_run_dependencies/ros101
-- Up-to-date: /home/seif/workspace/my_ros/new_dir/ros101/install/ros101/share/ament_index/resource_index/parent_prefix_path/ros101
-- Up-to-date: /home/seif/workspace/my_ros/new_dir/ros101/install/ros101/share/ros101/environment/ament_prefix_path.sh
-- Up-to-date: /home/seif/workspace/my_ros/new_dir/ros101/install/ros101/share/ros101/environment/ament_prefix_path.dsv
-- Up-to-date: /home/seif/workspace/my_ros/new_dir/ros101/install/ros101/share/ros101/environment/path.sh
-- Up-to-date: /home/seif/workspace/my_ros/new_dir/ros101/install/ros101/share/ros101/environment/path.dsv
-- Up-to-date: /home/seif/workspace/my_ros/new_dir/ros101/install/ros101/share/ros101/local_setup.bash
-- Up-to-date: /home/seif/workspace/my_ros/new_dir/ros101/install/ros101/share/ros101/local_setup.sh
-- Up-to-date: /home/seif/workspace/my_ros/new_dir/ros101/install/ros101/share/ros101/local_setup.zsh
-- Up-to-date: /home/seif/workspace/my_ros/new_dir/ros101/install/ros101/share/ros101/local_setup.dsv
-- Installing: /home/seif/workspace/my_ros/new_dir/ros101/install/ros101/share/ros101/package.dsv
-- Up-to-date: /home/seif/workspace/my_ros/new_dir/ros101/install/ros101/share/ament_index/resource_index/packages/ros101
-- Up-to-date: /home/seif/workspace/my_ros/new_dir/ros101/install/ros101/share/ros101/cmake/ros101Config.cmake
-- Up-to-date: /home/seif/workspace/my_ros/new_dir/ros101/install/ros101/share/ros101/cmake/ros101Config-version.cmake
-- Up-to-date: /home/seif/workspace/my_ros/new_dir/ros101/install/ros101/share/ros101/package.xml
