[35m[1mConsolidate compiler generated dependencies of target cmd_vel_limiter_node[0m
[ 50%] [32mBuilding CXX object CMakeFiles/cmd_vel_limiter_node.dir/src/cmd_vel_limiter.cpp.o[0m
[100%] [32m[1mLinking CXX executable cmd_vel_limiter_node[0m
[100%] Built target cmd_vel_limiter_node
-- Install configuration: ""
-- Installing: /home/seif/workspace/my_ros/new_dir/velocity_limiter/install/velocity_limiter/lib/velocity_limiter/cmd_vel_limiter_node
-- Set runtime path of "/home/seif/workspace/my_ros/new_dir/velocity_limiter/install/velocity_limiter/lib/velocity_limiter/cmd_vel_limiter_node" to ""
-- Up-to-date: /home/seif/workspace/my_ros/new_dir/velocity_limiter/install/velocity_limiter/share/ament_index/resource_index/package_run_dependencies/velocity_limiter
-- Up-to-date: /home/seif/workspace/my_ros/new_dir/velocity_limiter/install/velocity_limiter/share/ament_index/resource_index/parent_prefix_path/velocity_limiter
-- Up-to-date: /home/seif/workspace/my_ros/new_dir/velocity_limiter/install/velocity_limiter/share/velocity_limiter/environment/ament_prefix_path.sh
-- Up-to-date: /home/seif/workspace/my_ros/new_dir/velocity_limiter/install/velocity_limiter/share/velocity_limiter/environment/ament_prefix_path.dsv
-- Up-to-date: /home/seif/workspace/my_ros/new_dir/velocity_limiter/install/velocity_limiter/share/velocity_limiter/environment/path.sh
-- Up-to-date: /home/seif/workspace/my_ros/new_dir/velocity_limiter/install/velocity_limiter/share/velocity_limiter/environment/path.dsv
-- Up-to-date: /home/seif/workspace/my_ros/new_dir/velocity_limiter/install/velocity_limiter/share/velocity_limiter/local_setup.bash
-- Up-to-date: /home/seif/workspace/my_ros/new_dir/velocity_limiter/install/velocity_limiter/share/velocity_limiter/local_setup.sh
-- Up-to-date: /home/seif/workspace/my_ros/new_dir/velocity_limiter/install/velocity_limiter/share/velocity_limiter/local_setup.zsh
-- Up-to-date: /home/seif/workspace/my_ros/new_dir/velocity_limiter/install/velocity_limiter/share/velocity_limiter/local_setup.dsv
-- Installing: /home/seif/workspace/my_ros/new_dir/velocity_limiter/install/velocity_limiter/share/velocity_limiter/package.dsv
-- Up-to-date: /home/seif/workspace/my_ros/new_dir/velocity_limiter/install/velocity_limiter/share/ament_index/resource_index/packages/velocity_limiter
-- Up-to-date: /home/seif/workspace/my_ros/new_dir/velocity_limiter/install/velocity_limiter/share/velocity_limiter/cmake/velocity_limiterConfig.cmake
-- Up-to-date: /home/seif/workspace/my_ros/new_dir/velocity_limiter/install/velocity_limiter/share/velocity_limiter/cmake/velocity_limiterConfig-version.cmake
-- Up-to-date: /home/seif/workspace/my_ros/new_dir/velocity_limiter/install/velocity_limiter/share/velocity_limiter/package.xml
