running develop
running egg_info
creating my_python_pkg.egg-info
writing my_python_pkg.egg-info/PKG-INFO
writing dependency_links to my_python_pkg.egg-info/dependency_links.txt
writing entry points to my_python_pkg.egg-info/entry_points.txt
writing requirements to my_python_pkg.egg-info/requires.txt
writing top-level names to my_python_pkg.egg-info/top_level.txt
writing manifest file 'my_python_pkg.egg-info/SOURCES.txt'
reading manifest file 'my_python_pkg.egg-info/SOURCES.txt'
writing manifest file 'my_python_pkg.egg-info/SOURCES.txt'
running build_ext
Creating /home/seif/workspace/my_ros/new_dir/my_python_pkg/install/my_python_pkg/lib/python3.10/site-packages/my-python-pkg.egg-link (link to .)
Installing hello_node script to /home/seif/workspace/my_ros/new_dir/my_python_pkg/install/my_python_pkg/lib/my_python_pkg

Installed /home/seif/workspace/my_ros/new_dir/my_python_pkg/build/my_python_pkg
running symlink_data
creating /home/seif/workspace/my_ros/new_dir/my_python_pkg/install/my_python_pkg/share/ament_index
creating /home/seif/workspace/my_ros/new_dir/my_python_pkg/install/my_python_pkg/share/ament_index/resource_index
creating /home/seif/workspace/my_ros/new_dir/my_python_pkg/install/my_python_pkg/share/ament_index/resource_index/packages
symbolically linking /home/seif/workspace/my_ros/new_dir/my_python_pkg/build/my_python_pkg/resource/my_python_pkg -> /home/seif/workspace/my_ros/new_dir/my_python_pkg/install/my_python_pkg/share/ament_index/resource_index/packages
symbolically linking /home/seif/workspace/my_ros/new_dir/my_python_pkg/build/my_python_pkg/package.xml -> /home/seif/workspace/my_ros/new_dir/my_python_pkg/install/my_python_pkg/share/my_python_pkg
