[0.067s] DEBUG:colcon:Command line arguments: ['/usr/bin/colcon', 'build']
[0.067s] DEBUG:colcon:Parsed command line arguments: Namespace(log_base=None, log_level=None, verb_name='build', build_base='build', install_base='install', merge_install=False, symlink_install=False, test_result_base=None, continue_on_error=False, executor='parallel', parallel_workers=20, event_handlers=None, ignore_user_meta=False, metas=['./colcon.meta'], base_paths=['.'], packages_ignore=None, packages_ignore_regex=None, paths=None, packages_up_to=None, packages_up_to_regex=None, packages_above=None, packages_above_and_dependencies=None, packages_above_depth=None, packages_select_by_dep=None, packages_skip_by_dep=None, packages_skip_up_to=None, packages_select_build_failed=False, packages_skip_build_finished=False, packages_select_test_failures=False, packages_skip_test_passed=False, packages_select=None, packages_skip=None, packages_select_regex=None, packages_skip_regex=None, packages_start=None, packages_end=None, allow_overriding=[], cmake_args=None, cmake_target=None, cmake_target_skip_unavailable=False, cmake_clean_cache=False, cmake_clean_first=False, cmake_force_configure=False, ament_cmake_args=None, catkin_cmake_args=None, catkin_skip_building_tests=False, mixin_files=None, mixin=None, verb_parser=<colcon_mixin.mixin.mixin_argument.MixinArgumentDecorator object at 0x7d811f95bd00>, verb_extension=<colcon_core.verb.build.BuildVerb object at 0x7d811f95b700>, main=<bound method BuildVerb.main of <colcon_core.verb.build.BuildVerb object at 0x7d811f95b700>>, mixin_verb=('build',))
[0.171s] Level 1:colcon.colcon_core.package_discovery:discover_packages(colcon_meta) check parameters
[0.171s] Level 1:colcon.colcon_core.package_discovery:discover_packages(recursive) check parameters
[0.171s] Level 1:colcon.colcon_core.package_discovery:discover_packages(ignore) check parameters
[0.171s] Level 1:colcon.colcon_core.package_discovery:discover_packages(path) check parameters
[0.171s] Level 1:colcon.colcon_core.package_discovery:discover_packages(colcon_meta) discover
[0.171s] Level 1:colcon.colcon_core.package_discovery:discover_packages(recursive) discover
[0.171s] INFO:colcon.colcon_core.package_discovery:Crawling recursively for packages in '/home/seif/workspace/my_ros/new_dir/velocity_limiter'
[0.172s] Level 1:colcon.colcon_core.package_identification:_identify(.) by extensions ['ignore', 'ignore_ament_install']
[0.172s] Level 1:colcon.colcon_core.package_identification:_identify(.) by extension 'ignore'
[0.172s] Level 1:colcon.colcon_core.package_identification:_identify(.) by extension 'ignore_ament_install'
[0.172s] Level 1:colcon.colcon_core.package_identification:_identify(.) by extensions ['colcon_pkg']
[0.172s] Level 1:colcon.colcon_core.package_identification:_identify(.) by extension 'colcon_pkg'
[0.172s] Level 1:colcon.colcon_core.package_identification:_identify(.) by extensions ['colcon_meta']
[0.172s] Level 1:colcon.colcon_core.package_identification:_identify(.) by extension 'colcon_meta'
[0.172s] Level 1:colcon.colcon_core.package_identification:_identify(.) by extensions ['ros']
[0.172s] Level 1:colcon.colcon_core.package_identification:_identify(.) by extension 'ros'
[0.208s] DEBUG:colcon.colcon_core.package_identification:Package '.' with type 'ros.ament_cmake' and name 'velocity_limiter'
[0.208s] Level 1:colcon.colcon_core.package_discovery:discover_packages(recursive) using defaults
[0.208s] Level 1:colcon.colcon_core.package_discovery:discover_packages(ignore) discover
[0.208s] Level 1:colcon.colcon_core.package_discovery:discover_packages(ignore) using defaults
[0.208s] Level 1:colcon.colcon_core.package_discovery:discover_packages(path) discover
[0.208s] Level 1:colcon.colcon_core.package_discovery:discover_packages(path) using defaults
[0.223s] Level 1:colcon.colcon_core.package_discovery:discover_packages(prefix_path) check parameters
[0.223s] Level 1:colcon.colcon_core.package_discovery:discover_packages(prefix_path) discover
[0.224s] DEBUG:colcon.colcon_installed_package_information.package_discovery:Found 1 installed packages in /home/seif/workspace/my_ros/new_dir/velocity_limiter/install
[0.224s] DEBUG:colcon.colcon_installed_package_information.package_discovery:Found 1 installed packages in /home/seif/workspace/my_ros/new_dir/obstacle_detection/install
[0.224s] DEBUG:colcon.colcon_installed_package_information.package_discovery:Found 1 installed packages in /home/seif/workspace/my_ros/new_dir/lap_degree/install
[0.225s] DEBUG:colcon.colcon_installed_package_information.package_discovery:Found 1 installed packages in /home/seif/workspace/my_ros/new_dir/ros101/install
[0.225s] DEBUG:colcon.colcon_installed_package_information.package_discovery:Found 1 installed packages in /home/seif/workspace/my_ros/new_dir/topic_examples/install
[0.226s] DEBUG:colcon.colcon_installed_package_information.package_discovery:Found 273 installed packages in /opt/ros/humble
[0.226s] Level 1:colcon.colcon_core.package_discovery:discover_packages(prefix_path) using defaults
[0.248s] Level 5:colcon.colcon_core.verb:set package 'velocity_limiter' build argument 'cmake_args' from command line to 'None'
[0.248s] Level 5:colcon.colcon_core.verb:set package 'velocity_limiter' build argument 'cmake_target' from command line to 'None'
[0.248s] Level 5:colcon.colcon_core.verb:set package 'velocity_limiter' build argument 'cmake_target_skip_unavailable' from command line to 'False'
[0.248s] Level 5:colcon.colcon_core.verb:set package 'velocity_limiter' build argument 'cmake_clean_cache' from command line to 'False'
[0.248s] Level 5:colcon.colcon_core.verb:set package 'velocity_limiter' build argument 'cmake_clean_first' from command line to 'False'
[0.248s] Level 5:colcon.colcon_core.verb:set package 'velocity_limiter' build argument 'cmake_force_configure' from command line to 'False'
[0.248s] Level 5:colcon.colcon_core.verb:set package 'velocity_limiter' build argument 'ament_cmake_args' from command line to 'None'
[0.248s] Level 5:colcon.colcon_core.verb:set package 'velocity_limiter' build argument 'catkin_cmake_args' from command line to 'None'
[0.248s] Level 5:colcon.colcon_core.verb:set package 'velocity_limiter' build argument 'catkin_skip_building_tests' from command line to 'False'
[0.248s] DEBUG:colcon.colcon_core.verb:Building package 'velocity_limiter' with the following arguments: {'ament_cmake_args': None, 'build_base': '/home/seif/workspace/my_ros/new_dir/velocity_limiter/build/velocity_limiter', 'catkin_cmake_args': None, 'catkin_skip_building_tests': False, 'cmake_args': None, 'cmake_clean_cache': False, 'cmake_clean_first': False, 'cmake_force_configure': False, 'cmake_target': None, 'cmake_target_skip_unavailable': False, 'install_base': '/home/seif/workspace/my_ros/new_dir/velocity_limiter/install/velocity_limiter', 'merge_install': False, 'path': '/home/seif/workspace/my_ros/new_dir/velocity_limiter', 'symlink_install': False, 'test_result_base': None}
[0.248s] INFO:colcon.colcon_core.executor:Executing jobs using 'parallel' executor
[0.249s] DEBUG:colcon.colcon_parallel_executor.executor.parallel:run_until_complete
[0.249s] INFO:colcon.colcon_ros.task.ament_cmake.build:Building ROS package in '/home/seif/workspace/my_ros/new_dir/velocity_limiter' with build type 'ament_cmake'
[0.249s] INFO:colcon.colcon_cmake.task.cmake.build:Building CMake package in '/home/seif/workspace/my_ros/new_dir/velocity_limiter'
[0.250s] INFO:colcon.colcon_core.plugin_system:Skipping extension 'colcon_core.shell.bat': Not used on non-Windows systems
[0.251s] INFO:colcon.colcon_core.shell:Skip shell extension 'powershell' for command environment: Not usable outside of PowerShell
[0.251s] DEBUG:colcon.colcon_core.shell:Skip shell extension 'dsv' for command environment
[0.259s] DEBUG:colcon.colcon_core.event_handler.log_command:Invoking command in '/home/seif/workspace/my_ros/new_dir/velocity_limiter/build/velocity_limiter': CMAKE_PREFIX_PATH=${CMAKE_PREFIX_PATH}:/home/seif/workspace/my_ros/new_dir/obstacle_detection/install/obstacle_detection:/opt/ros/humble CONDA_PROMPT_MODIFIER=(base) /usr/bin/cmake --build /home/seif/workspace/my_ros/new_dir/velocity_limiter/build/velocity_limiter -- -j20 -l20
[5.967s] DEBUG:colcon.colcon_core.event_handler.log_command:Invoked command in '/home/seif/workspace/my_ros/new_dir/velocity_limiter/build/velocity_limiter' returned '0': CMAKE_PREFIX_PATH=${CMAKE_PREFIX_PATH}:/home/seif/workspace/my_ros/new_dir/obstacle_detection/install/obstacle_detection:/opt/ros/humble CONDA_PROMPT_MODIFIER=(base) /usr/bin/cmake --build /home/seif/workspace/my_ros/new_dir/velocity_limiter/build/velocity_limiter -- -j20 -l20
[5.974s] DEBUG:colcon.colcon_core.event_handler.log_command:Invoking command in '/home/seif/workspace/my_ros/new_dir/velocity_limiter/build/velocity_limiter': CMAKE_PREFIX_PATH=${CMAKE_PREFIX_PATH}:/home/seif/workspace/my_ros/new_dir/obstacle_detection/install/obstacle_detection:/opt/ros/humble CONDA_PROMPT_MODIFIER=(base) /usr/bin/cmake --install /home/seif/workspace/my_ros/new_dir/velocity_limiter/build/velocity_limiter
[5.985s] Level 1:colcon.colcon_core.environment:create_environment_scripts_only(velocity_limiter)
[5.985s] DEBUG:colcon.colcon_core.event_handler.log_command:Invoked command in '/home/seif/workspace/my_ros/new_dir/velocity_limiter/build/velocity_limiter' returned '0': CMAKE_PREFIX_PATH=${CMAKE_PREFIX_PATH}:/home/seif/workspace/my_ros/new_dir/obstacle_detection/install/obstacle_detection:/opt/ros/humble CONDA_PROMPT_MODIFIER=(base) /usr/bin/cmake --install /home/seif/workspace/my_ros/new_dir/velocity_limiter/build/velocity_limiter
[5.987s] Level 1:colcon.colcon_core.environment:checking '/home/seif/workspace/my_ros/new_dir/velocity_limiter/install/velocity_limiter' for CMake module files
[5.988s] Level 1:colcon.colcon_core.environment:checking '/home/seif/workspace/my_ros/new_dir/velocity_limiter/install/velocity_limiter' for CMake config files
[5.988s] Level 1:colcon.colcon_core.shell:create_environment_hook('velocity_limiter', 'cmake_prefix_path')
[5.988s] INFO:colcon.colcon_core.shell:Creating environment hook '/home/seif/workspace/my_ros/new_dir/velocity_limiter/install/velocity_limiter/share/velocity_limiter/hook/cmake_prefix_path.ps1'
[5.990s] INFO:colcon.colcon_core.shell:Creating environment descriptor '/home/seif/workspace/my_ros/new_dir/velocity_limiter/install/velocity_limiter/share/velocity_limiter/hook/cmake_prefix_path.dsv'
[5.990s] INFO:colcon.colcon_core.shell:Creating environment hook '/home/seif/workspace/my_ros/new_dir/velocity_limiter/install/velocity_limiter/share/velocity_limiter/hook/cmake_prefix_path.sh'
[5.991s] Level 1:colcon.colcon_core.environment:checking '/home/seif/workspace/my_ros/new_dir/velocity_limiter/install/velocity_limiter/lib'
[5.991s] Level 1:colcon.colcon_core.environment:checking '/home/seif/workspace/my_ros/new_dir/velocity_limiter/install/velocity_limiter/bin'
[5.991s] Level 1:colcon.colcon_core.environment:checking '/home/seif/workspace/my_ros/new_dir/velocity_limiter/install/velocity_limiter/lib/pkgconfig/velocity_limiter.pc'
[5.991s] Level 1:colcon.colcon_core.environment:checking '/home/seif/workspace/my_ros/new_dir/velocity_limiter/install/velocity_limiter/lib/python3.10/site-packages'
[5.991s] Level 1:colcon.colcon_core.environment:checking '/home/seif/workspace/my_ros/new_dir/velocity_limiter/install/velocity_limiter/bin'
[5.991s] INFO:colcon.colcon_core.shell:Creating package script '/home/seif/workspace/my_ros/new_dir/velocity_limiter/install/velocity_limiter/share/velocity_limiter/package.ps1'
[5.992s] INFO:colcon.colcon_core.shell:Creating package descriptor '/home/seif/workspace/my_ros/new_dir/velocity_limiter/install/velocity_limiter/share/velocity_limiter/package.dsv'
[5.992s] INFO:colcon.colcon_core.shell:Creating package script '/home/seif/workspace/my_ros/new_dir/velocity_limiter/install/velocity_limiter/share/velocity_limiter/package.sh'
[5.993s] INFO:colcon.colcon_core.shell:Creating package script '/home/seif/workspace/my_ros/new_dir/velocity_limiter/install/velocity_limiter/share/velocity_limiter/package.bash'
[5.993s] INFO:colcon.colcon_core.shell:Creating package script '/home/seif/workspace/my_ros/new_dir/velocity_limiter/install/velocity_limiter/share/velocity_limiter/package.zsh'
[5.993s] Level 1:colcon.colcon_core.environment:create_file_with_runtime_dependencies(/home/seif/workspace/my_ros/new_dir/velocity_limiter/install/velocity_limiter/share/colcon-core/packages/velocity_limiter)
[5.994s] Level 1:colcon.colcon_core.environment:create_environment_scripts_only(velocity_limiter)
[5.994s] Level 1:colcon.colcon_core.environment:checking '/home/seif/workspace/my_ros/new_dir/velocity_limiter/install/velocity_limiter' for CMake module files
[5.995s] Level 1:colcon.colcon_core.environment:checking '/home/seif/workspace/my_ros/new_dir/velocity_limiter/install/velocity_limiter' for CMake config files
[5.995s] Level 1:colcon.colcon_core.shell:create_environment_hook('velocity_limiter', 'cmake_prefix_path')
[5.995s] INFO:colcon.colcon_core.shell:Creating environment hook '/home/seif/workspace/my_ros/new_dir/velocity_limiter/install/velocity_limiter/share/velocity_limiter/hook/cmake_prefix_path.ps1'
[5.995s] INFO:colcon.colcon_core.shell:Creating environment descriptor '/home/seif/workspace/my_ros/new_dir/velocity_limiter/install/velocity_limiter/share/velocity_limiter/hook/cmake_prefix_path.dsv'
[5.995s] INFO:colcon.colcon_core.shell:Creating environment hook '/home/seif/workspace/my_ros/new_dir/velocity_limiter/install/velocity_limiter/share/velocity_limiter/hook/cmake_prefix_path.sh'
[5.996s] Level 1:colcon.colcon_core.environment:checking '/home/seif/workspace/my_ros/new_dir/velocity_limiter/install/velocity_limiter/lib'
[5.996s] Level 1:colcon.colcon_core.environment:checking '/home/seif/workspace/my_ros/new_dir/velocity_limiter/install/velocity_limiter/bin'
[5.996s] Level 1:colcon.colcon_core.environment:checking '/home/seif/workspace/my_ros/new_dir/velocity_limiter/install/velocity_limiter/lib/pkgconfig/velocity_limiter.pc'
[5.996s] Level 1:colcon.colcon_core.environment:checking '/home/seif/workspace/my_ros/new_dir/velocity_limiter/install/velocity_limiter/lib/python3.10/site-packages'
[5.996s] Level 1:colcon.colcon_core.environment:checking '/home/seif/workspace/my_ros/new_dir/velocity_limiter/install/velocity_limiter/bin'
[5.996s] INFO:colcon.colcon_core.shell:Creating package script '/home/seif/workspace/my_ros/new_dir/velocity_limiter/install/velocity_limiter/share/velocity_limiter/package.ps1'
[5.997s] INFO:colcon.colcon_core.shell:Creating package descriptor '/home/seif/workspace/my_ros/new_dir/velocity_limiter/install/velocity_limiter/share/velocity_limiter/package.dsv'
[5.997s] INFO:colcon.colcon_core.shell:Creating package script '/home/seif/workspace/my_ros/new_dir/velocity_limiter/install/velocity_limiter/share/velocity_limiter/package.sh'
[5.997s] INFO:colcon.colcon_core.shell:Creating package script '/home/seif/workspace/my_ros/new_dir/velocity_limiter/install/velocity_limiter/share/velocity_limiter/package.bash'
[5.997s] INFO:colcon.colcon_core.shell:Creating package script '/home/seif/workspace/my_ros/new_dir/velocity_limiter/install/velocity_limiter/share/velocity_limiter/package.zsh'
[5.998s] Level 1:colcon.colcon_core.environment:create_file_with_runtime_dependencies(/home/seif/workspace/my_ros/new_dir/velocity_limiter/install/velocity_limiter/share/colcon-core/packages/velocity_limiter)
[5.998s] DEBUG:colcon.colcon_parallel_executor.executor.parallel:closing loop
[5.998s] DEBUG:colcon.colcon_parallel_executor.executor.parallel:loop closed
[5.998s] DEBUG:colcon.colcon_parallel_executor.executor.parallel:run_until_complete finished with '0'
[5.998s] DEBUG:colcon.colcon_core.event_reactor:joining thread
[6.004s] INFO:colcon.colcon_core.plugin_system:Skipping extension 'colcon_notification.desktop_notification.terminal_notifier': Not used on non-Darwin systems
[6.004s] INFO:colcon.colcon_core.plugin_system:Skipping extension 'colcon_notification.desktop_notification.win32': Not used on non-Windows systems
[6.004s] INFO:colcon.colcon_notification.desktop_notification:Sending desktop notification using 'notify2'
[6.014s] DEBUG:colcon.colcon_core.event_reactor:joined thread
[6.014s] INFO:colcon.colcon_core.shell:Creating prefix script '/home/seif/workspace/my_ros/new_dir/velocity_limiter/install/local_setup.ps1'
[6.015s] INFO:colcon.colcon_core.shell:Creating prefix util module '/home/seif/workspace/my_ros/new_dir/velocity_limiter/install/_local_setup_util_ps1.py'
[6.016s] INFO:colcon.colcon_core.shell:Creating prefix chain script '/home/seif/workspace/my_ros/new_dir/velocity_limiter/install/setup.ps1'
[6.017s] INFO:colcon.colcon_core.shell:Creating prefix script '/home/seif/workspace/my_ros/new_dir/velocity_limiter/install/local_setup.sh'
[6.017s] INFO:colcon.colcon_core.shell:Creating prefix util module '/home/seif/workspace/my_ros/new_dir/velocity_limiter/install/_local_setup_util_sh.py'
[6.017s] INFO:colcon.colcon_core.shell:Creating prefix chain script '/home/seif/workspace/my_ros/new_dir/velocity_limiter/install/setup.sh'
[6.018s] INFO:colcon.colcon_core.shell:Creating prefix script '/home/seif/workspace/my_ros/new_dir/velocity_limiter/install/local_setup.bash'
[6.018s] INFO:colcon.colcon_core.shell:Creating prefix chain script '/home/seif/workspace/my_ros/new_dir/velocity_limiter/install/setup.bash'
[6.019s] INFO:colcon.colcon_core.shell:Creating prefix script '/home/seif/workspace/my_ros/new_dir/velocity_limiter/install/local_setup.zsh'
[6.019s] INFO:colcon.colcon_core.shell:Creating prefix chain script '/home/seif/workspace/my_ros/new_dir/velocity_limiter/install/setup.zsh'
