[0.073s] DEBUG:colcon:Command line arguments: ['/usr/bin/colcon', 'build']
[0.073s] DEBUG:colcon:Parsed command line arguments: Namespace(log_base=None, log_level=None, verb_name='build', build_base='build', install_base='install', merge_install=False, symlink_install=False, test_result_base=None, continue_on_error=False, executor='parallel', parallel_workers=20, event_handlers=None, ignore_user_meta=False, metas=['./colcon.meta'], base_paths=['.'], packages_ignore=None, packages_ignore_regex=None, paths=None, packages_up_to=None, packages_up_to_regex=None, packages_above=None, packages_above_and_dependencies=None, packages_above_depth=None, packages_select_by_dep=None, packages_skip_by_dep=None, packages_skip_up_to=None, packages_select_build_failed=False, packages_skip_build_finished=False, packages_select_test_failures=False, packages_skip_test_passed=False, packages_select=None, packages_skip=None, packages_select_regex=None, packages_skip_regex=None, packages_start=None, packages_end=None, allow_overriding=[], cmake_args=None, cmake_target=None, cmake_target_skip_unavailable=False, cmake_clean_cache=False, cmake_clean_first=False, cmake_force_configure=False, ament_cmake_args=None, catkin_cmake_args=None, catkin_skip_building_tests=False, mixin_files=None, mixin=None, verb_parser=<colcon_mixin.mixin.mixin_argument.MixinArgumentDecorator object at 0x7185e6d63760>, verb_extension=<colcon_core.verb.build.BuildVerb object at 0x7185e6d63160>, main=<bound method BuildVerb.main of <colcon_core.verb.build.BuildVerb object at 0x7185e6d63160>>, mixin_verb=('build',))
[0.176s] Level 1:colcon.colcon_core.package_discovery:discover_packages(colcon_meta) check parameters
[0.176s] Level 1:colcon.colcon_core.package_discovery:discover_packages(recursive) check parameters
[0.176s] Level 1:colcon.colcon_core.package_discovery:discover_packages(ignore) check parameters
[0.176s] Level 1:colcon.colcon_core.package_discovery:discover_packages(path) check parameters
[0.176s] Level 1:colcon.colcon_core.package_discovery:discover_packages(colcon_meta) discover
[0.176s] Level 1:colcon.colcon_core.package_discovery:discover_packages(recursive) discover
[0.176s] INFO:colcon.colcon_core.package_discovery:Crawling recursively for packages in '/home/seif/workspace/my_ros/new_dir/ros101'
[0.176s] Level 1:colcon.colcon_core.package_identification:_identify(.) by extensions ['ignore', 'ignore_ament_install']
[0.176s] Level 1:colcon.colcon_core.package_identification:_identify(.) by extension 'ignore'
[0.176s] Level 1:colcon.colcon_core.package_identification:_identify(.) by extension 'ignore_ament_install'
[0.176s] Level 1:colcon.colcon_core.package_identification:_identify(.) by extensions ['colcon_pkg']
[0.177s] Level 1:colcon.colcon_core.package_identification:_identify(.) by extension 'colcon_pkg'
[0.177s] Level 1:colcon.colcon_core.package_identification:_identify(.) by extensions ['colcon_meta']
[0.177s] Level 1:colcon.colcon_core.package_identification:_identify(.) by extension 'colcon_meta'
[0.177s] Level 1:colcon.colcon_core.package_identification:_identify(.) by extensions ['ros']
[0.177s] Level 1:colcon.colcon_core.package_identification:_identify(.) by extension 'ros'
[0.225s] DEBUG:colcon.colcon_core.package_identification:Package '.' with type 'ros.ament_cmake' and name 'ros101'
[0.225s] Level 1:colcon.colcon_core.package_discovery:discover_packages(recursive) using defaults
[0.226s] Level 1:colcon.colcon_core.package_discovery:discover_packages(ignore) discover
[0.226s] Level 1:colcon.colcon_core.package_discovery:discover_packages(ignore) using defaults
[0.226s] Level 1:colcon.colcon_core.package_discovery:discover_packages(path) discover
[0.226s] Level 1:colcon.colcon_core.package_discovery:discover_packages(path) using defaults
[0.244s] Level 1:colcon.colcon_core.package_discovery:discover_packages(prefix_path) check parameters
[0.244s] Level 1:colcon.colcon_core.package_discovery:discover_packages(prefix_path) discover
[0.245s] DEBUG:colcon.colcon_installed_package_information.package_discovery:Found 1 installed packages in /home/seif/workspace/my_ros/new_dir/topic_examples/install
[0.246s] DEBUG:colcon.colcon_installed_package_information.package_discovery:Found 273 installed packages in /opt/ros/humble
[0.247s] Level 1:colcon.colcon_core.package_discovery:discover_packages(prefix_path) using defaults
[0.266s] Level 5:colcon.colcon_core.verb:set package 'ros101' build argument 'cmake_args' from command line to 'None'
[0.267s] Level 5:colcon.colcon_core.verb:set package 'ros101' build argument 'cmake_target' from command line to 'None'
[0.267s] Level 5:colcon.colcon_core.verb:set package 'ros101' build argument 'cmake_target_skip_unavailable' from command line to 'False'
[0.267s] Level 5:colcon.colcon_core.verb:set package 'ros101' build argument 'cmake_clean_cache' from command line to 'False'
[0.267s] Level 5:colcon.colcon_core.verb:set package 'ros101' build argument 'cmake_clean_first' from command line to 'False'
[0.267s] Level 5:colcon.colcon_core.verb:set package 'ros101' build argument 'cmake_force_configure' from command line to 'False'
[0.267s] Level 5:colcon.colcon_core.verb:set package 'ros101' build argument 'ament_cmake_args' from command line to 'None'
[0.267s] Level 5:colcon.colcon_core.verb:set package 'ros101' build argument 'catkin_cmake_args' from command line to 'None'
[0.267s] Level 5:colcon.colcon_core.verb:set package 'ros101' build argument 'catkin_skip_building_tests' from command line to 'False'
[0.267s] DEBUG:colcon.colcon_core.verb:Building package 'ros101' with the following arguments: {'ament_cmake_args': None, 'build_base': '/home/seif/workspace/my_ros/new_dir/ros101/build/ros101', 'catkin_cmake_args': None, 'catkin_skip_building_tests': False, 'cmake_args': None, 'cmake_clean_cache': False, 'cmake_clean_first': False, 'cmake_force_configure': False, 'cmake_target': None, 'cmake_target_skip_unavailable': False, 'install_base': '/home/seif/workspace/my_ros/new_dir/ros101/install/ros101', 'merge_install': False, 'path': '/home/seif/workspace/my_ros/new_dir/ros101', 'symlink_install': False, 'test_result_base': None}
[0.267s] INFO:colcon.colcon_core.executor:Executing jobs using 'parallel' executor
[0.268s] DEBUG:colcon.colcon_parallel_executor.executor.parallel:run_until_complete
[0.268s] INFO:colcon.colcon_ros.task.ament_cmake.build:Building ROS package in '/home/seif/workspace/my_ros/new_dir/ros101' with build type 'ament_cmake'
[0.268s] INFO:colcon.colcon_cmake.task.cmake.build:Building CMake package in '/home/seif/workspace/my_ros/new_dir/ros101'
[0.269s] INFO:colcon.colcon_core.plugin_system:Skipping extension 'colcon_core.shell.bat': Not used on non-Windows systems
[0.269s] INFO:colcon.colcon_core.shell:Skip shell extension 'powershell' for command environment: Not usable outside of PowerShell
[0.269s] DEBUG:colcon.colcon_core.shell:Skip shell extension 'dsv' for command environment
[0.275s] DEBUG:colcon.colcon_core.event_handler.log_command:Invoking command in '/home/seif/workspace/my_ros/new_dir/ros101/build/ros101': CMAKE_PREFIX_PATH=${CMAKE_PREFIX_PATH}:/opt/ros/humble CONDA_PROMPT_MODIFIER=(base) /usr/bin/cmake --build /home/seif/workspace/my_ros/new_dir/ros101/build/ros101 -- -j20 -l20
[6.482s] DEBUG:colcon.colcon_core.event_handler.log_command:Invoked command in '/home/seif/workspace/my_ros/new_dir/ros101/build/ros101' returned '0': CMAKE_PREFIX_PATH=${CMAKE_PREFIX_PATH}:/opt/ros/humble CONDA_PROMPT_MODIFIER=(base) /usr/bin/cmake --build /home/seif/workspace/my_ros/new_dir/ros101/build/ros101 -- -j20 -l20
[6.492s] DEBUG:colcon.colcon_core.event_handler.log_command:Invoking command in '/home/seif/workspace/my_ros/new_dir/ros101/build/ros101': CMAKE_PREFIX_PATH=${CMAKE_PREFIX_PATH}:/opt/ros/humble CONDA_PROMPT_MODIFIER=(base) /usr/bin/cmake --install /home/seif/workspace/my_ros/new_dir/ros101/build/ros101
[6.507s] Level 1:colcon.colcon_core.environment:create_environment_scripts_only(ros101)
[6.508s] DEBUG:colcon.colcon_core.event_handler.log_command:Invoked command in '/home/seif/workspace/my_ros/new_dir/ros101/build/ros101' returned '0': CMAKE_PREFIX_PATH=${CMAKE_PREFIX_PATH}:/opt/ros/humble CONDA_PROMPT_MODIFIER=(base) /usr/bin/cmake --install /home/seif/workspace/my_ros/new_dir/ros101/build/ros101
[6.509s] Level 1:colcon.colcon_core.environment:checking '/home/seif/workspace/my_ros/new_dir/ros101/install/ros101' for CMake module files
[6.509s] Level 1:colcon.colcon_core.environment:checking '/home/seif/workspace/my_ros/new_dir/ros101/install/ros101' for CMake config files
[6.510s] Level 1:colcon.colcon_core.shell:create_environment_hook('ros101', 'cmake_prefix_path')
[6.510s] INFO:colcon.colcon_core.shell:Creating environment hook '/home/seif/workspace/my_ros/new_dir/ros101/install/ros101/share/ros101/hook/cmake_prefix_path.ps1'
[6.510s] INFO:colcon.colcon_core.shell:Creating environment descriptor '/home/seif/workspace/my_ros/new_dir/ros101/install/ros101/share/ros101/hook/cmake_prefix_path.dsv'
[6.510s] INFO:colcon.colcon_core.shell:Creating environment hook '/home/seif/workspace/my_ros/new_dir/ros101/install/ros101/share/ros101/hook/cmake_prefix_path.sh'
[6.511s] Level 1:colcon.colcon_core.environment:checking '/home/seif/workspace/my_ros/new_dir/ros101/install/ros101/lib'
[6.511s] Level 1:colcon.colcon_core.environment:checking '/home/seif/workspace/my_ros/new_dir/ros101/install/ros101/bin'
[6.511s] Level 1:colcon.colcon_core.environment:checking '/home/seif/workspace/my_ros/new_dir/ros101/install/ros101/lib/pkgconfig/ros101.pc'
[6.511s] Level 1:colcon.colcon_core.environment:checking '/home/seif/workspace/my_ros/new_dir/ros101/install/ros101/lib/python3.10/site-packages'
[6.511s] Level 1:colcon.colcon_core.environment:checking '/home/seif/workspace/my_ros/new_dir/ros101/install/ros101/bin'
[6.512s] INFO:colcon.colcon_core.shell:Creating package script '/home/seif/workspace/my_ros/new_dir/ros101/install/ros101/share/ros101/package.ps1'
[6.512s] INFO:colcon.colcon_core.shell:Creating package descriptor '/home/seif/workspace/my_ros/new_dir/ros101/install/ros101/share/ros101/package.dsv'
[6.513s] INFO:colcon.colcon_core.shell:Creating package script '/home/seif/workspace/my_ros/new_dir/ros101/install/ros101/share/ros101/package.sh'
[6.513s] INFO:colcon.colcon_core.shell:Creating package script '/home/seif/workspace/my_ros/new_dir/ros101/install/ros101/share/ros101/package.bash'
[6.513s] INFO:colcon.colcon_core.shell:Creating package script '/home/seif/workspace/my_ros/new_dir/ros101/install/ros101/share/ros101/package.zsh'
[6.514s] Level 1:colcon.colcon_core.environment:create_file_with_runtime_dependencies(/home/seif/workspace/my_ros/new_dir/ros101/install/ros101/share/colcon-core/packages/ros101)
[6.514s] Level 1:colcon.colcon_core.environment:create_environment_scripts_only(ros101)
[6.514s] Level 1:colcon.colcon_core.environment:checking '/home/seif/workspace/my_ros/new_dir/ros101/install/ros101' for CMake module files
[6.515s] Level 1:colcon.colcon_core.environment:checking '/home/seif/workspace/my_ros/new_dir/ros101/install/ros101' for CMake config files
[6.515s] Level 1:colcon.colcon_core.shell:create_environment_hook('ros101', 'cmake_prefix_path')
[6.515s] INFO:colcon.colcon_core.shell:Creating environment hook '/home/seif/workspace/my_ros/new_dir/ros101/install/ros101/share/ros101/hook/cmake_prefix_path.ps1'
[6.515s] INFO:colcon.colcon_core.shell:Creating environment descriptor '/home/seif/workspace/my_ros/new_dir/ros101/install/ros101/share/ros101/hook/cmake_prefix_path.dsv'
[6.515s] INFO:colcon.colcon_core.shell:Creating environment hook '/home/seif/workspace/my_ros/new_dir/ros101/install/ros101/share/ros101/hook/cmake_prefix_path.sh'
[6.515s] Level 1:colcon.colcon_core.environment:checking '/home/seif/workspace/my_ros/new_dir/ros101/install/ros101/lib'
[6.516s] Level 1:colcon.colcon_core.environment:checking '/home/seif/workspace/my_ros/new_dir/ros101/install/ros101/bin'
[6.516s] Level 1:colcon.colcon_core.environment:checking '/home/seif/workspace/my_ros/new_dir/ros101/install/ros101/lib/pkgconfig/ros101.pc'
[6.516s] Level 1:colcon.colcon_core.environment:checking '/home/seif/workspace/my_ros/new_dir/ros101/install/ros101/lib/python3.10/site-packages'
[6.516s] Level 1:colcon.colcon_core.environment:checking '/home/seif/workspace/my_ros/new_dir/ros101/install/ros101/bin'
[6.516s] INFO:colcon.colcon_core.shell:Creating package script '/home/seif/workspace/my_ros/new_dir/ros101/install/ros101/share/ros101/package.ps1'
[6.516s] INFO:colcon.colcon_core.shell:Creating package descriptor '/home/seif/workspace/my_ros/new_dir/ros101/install/ros101/share/ros101/package.dsv'
[6.517s] INFO:colcon.colcon_core.shell:Creating package script '/home/seif/workspace/my_ros/new_dir/ros101/install/ros101/share/ros101/package.sh'
[6.517s] INFO:colcon.colcon_core.shell:Creating package script '/home/seif/workspace/my_ros/new_dir/ros101/install/ros101/share/ros101/package.bash'
[6.517s] INFO:colcon.colcon_core.shell:Creating package script '/home/seif/workspace/my_ros/new_dir/ros101/install/ros101/share/ros101/package.zsh'
[6.517s] Level 1:colcon.colcon_core.environment:create_file_with_runtime_dependencies(/home/seif/workspace/my_ros/new_dir/ros101/install/ros101/share/colcon-core/packages/ros101)
[6.518s] DEBUG:colcon.colcon_parallel_executor.executor.parallel:closing loop
[6.518s] DEBUG:colcon.colcon_parallel_executor.executor.parallel:loop closed
[6.518s] DEBUG:colcon.colcon_parallel_executor.executor.parallel:run_until_complete finished with '0'
[6.518s] DEBUG:colcon.colcon_core.event_reactor:joining thread
[6.523s] INFO:colcon.colcon_core.plugin_system:Skipping extension 'colcon_notification.desktop_notification.terminal_notifier': Not used on non-Darwin systems
[6.523s] INFO:colcon.colcon_core.plugin_system:Skipping extension 'colcon_notification.desktop_notification.win32': Not used on non-Windows systems
[6.523s] INFO:colcon.colcon_notification.desktop_notification:Sending desktop notification using 'notify2'
[6.533s] DEBUG:colcon.colcon_core.event_reactor:joined thread
[6.533s] INFO:colcon.colcon_core.shell:Creating prefix script '/home/seif/workspace/my_ros/new_dir/ros101/install/local_setup.ps1'
[6.534s] INFO:colcon.colcon_core.shell:Creating prefix util module '/home/seif/workspace/my_ros/new_dir/ros101/install/_local_setup_util_ps1.py'
[6.535s] INFO:colcon.colcon_core.shell:Creating prefix chain script '/home/seif/workspace/my_ros/new_dir/ros101/install/setup.ps1'
[6.536s] INFO:colcon.colcon_core.shell:Creating prefix script '/home/seif/workspace/my_ros/new_dir/ros101/install/local_setup.sh'
[6.536s] INFO:colcon.colcon_core.shell:Creating prefix util module '/home/seif/workspace/my_ros/new_dir/ros101/install/_local_setup_util_sh.py'
[6.537s] INFO:colcon.colcon_core.shell:Creating prefix chain script '/home/seif/workspace/my_ros/new_dir/ros101/install/setup.sh'
[6.537s] INFO:colcon.colcon_core.shell:Creating prefix script '/home/seif/workspace/my_ros/new_dir/ros101/install/local_setup.bash'
[6.538s] INFO:colcon.colcon_core.shell:Creating prefix chain script '/home/seif/workspace/my_ros/new_dir/ros101/install/setup.bash'
[6.538s] INFO:colcon.colcon_core.shell:Creating prefix script '/home/seif/workspace/my_ros/new_dir/ros101/install/local_setup.zsh'
[6.538s] INFO:colcon.colcon_core.shell:Creating prefix chain script '/home/seif/workspace/my_ros/new_dir/ros101/install/setup.zsh'
