[0.005s] Invoking command in '/home/seif/workspace/my_ros/new_dir/hello_ros2/build/hello_ros2': CMAKE_PREFIX_PATH=/opt/ros/humble CONDA_PROMPT_MODIFIER=(base) /usr/bin/cmake /home/seif/workspace/my_ros/new_dir/hello_ros2 -DCMAKE_INSTALL_PREFIX=/home/seif/workspace/my_ros/new_dir/hello_ros2/install/hello_ros2
[0.052s] -- The C compiler identification is GNU 11.4.0
[0.091s] -- The CXX compiler identification is GNU 11.4.0
[0.096s] -- Detecting C compiler ABI info
[0.148s] -- Detecting C compiler ABI info - done
[0.156s] -- Check for working C compiler: /usr/bin/cc - skipped
[0.156s] -- Detecting C compile features
[0.156s] -- Detecting C compile features - done
[0.159s] -- Detecting CXX compiler ABI info
[0.224s] -- Detecting CXX compiler ABI info - done
[0.228s] -- Check for working CXX compiler: /usr/bin/c++ - skipped
[0.228s] -- Detecting CXX compile features
[0.228s] -- Detecting CXX compile features - done
[0.230s] -- Found ament_cmake: 1.3.14 (/opt/ros/humble/share/ament_cmake/cmake)
[0.483s] -- Found Python3: /home/seif/miniconda3/bin/python3 (found version "3.13.11") found components: Interpreter 
[0.545s] -- Found rclcpp: 16.0.19 (/opt/ros/humble/share/rclcpp/cmake)
[0.568s] -- Found rosidl_generator_c: 3.1.8 (/opt/ros/humble/share/rosidl_generator_c/cmake)
[0.570s] -- Found rosidl_adapter: 3.1.8 (/opt/ros/humble/share/rosidl_adapter/cmake)
[0.575s] -- Found rosidl_generator_cpp: 3.1.8 (/opt/ros/humble/share/rosidl_generator_cpp/cmake)
[0.582s] -- Using all available rosidl_typesupport_c: rosidl_typesupport_fastrtps_c;rosidl_typesupport_introspection_c
[0.591s] -- Using all available rosidl_typesupport_cpp: rosidl_typesupport_fastrtps_cpp;rosidl_typesupport_introspection_cpp
[0.615s] -- Found rmw_implementation_cmake: 6.1.2 (/opt/ros/humble/share/rmw_implementation_cmake/cmake)
[0.616s] -- Found rmw_fastrtps_cpp: 6.2.10 (/opt/ros/humble/share/rmw_fastrtps_cpp/cmake)
[0.679s] -- Found OpenSSL: /usr/lib/x86_64-linux-gnu/libcrypto.so (found version "3.0.2")  
[0.707s] -- Found FastRTPS: /opt/ros/humble/include  
[0.751s] -- Using RMW implementation 'rmw_fastrtps_cpp' as default
[0.759s] -- Looking for pthread.h
[0.823s] -- Looking for pthread.h - found
[0.823s] -- Performing Test CMAKE_HAVE_LIBC_PTHREAD
[0.885s] -- Performing Test CMAKE_HAVE_LIBC_PTHREAD - Success
[0.886s] -- Found Threads: TRUE  
[0.939s] -- Found ament_lint_auto: 0.12.15 (/opt/ros/humble/share/ament_lint_auto/cmake)
[0.964s] Traceback (most recent call last):
[0.964s]   File "/opt/ros/humble/share/ament_cmake_core/cmake/core/package_xml_2_cmake.py", line 22, in <module>
[0.964s]     from catkin_pkg.package import parse_package_string
[0.964s] ModuleNotFoundError: No module named 'catkin_pkg'
[0.969s] [31mCMake Error at /opt/ros/humble/share/ament_cmake_core/cmake/core/ament_package_xml.cmake:95 (message):
[0.969s]   execute_process(/home/seif/miniconda3/bin/python3
[0.969s]   /opt/ros/humble/share/ament_cmake_core/cmake/core/package_xml_2_cmake.py
[0.969s]   /home/seif/workspace/my_ros/new_dir/hello_ros2/package.xml
[0.969s]   /home/seif/workspace/my_ros/new_dir/hello_ros2/build/hello_ros2/ament_cmake_core/package.cmake)
[0.969s]   returned error code 1
[0.969s] Call Stack (most recent call first):
[0.969s]   /opt/ros/humble/share/ament_cmake_core/cmake/core/ament_package_xml.cmake:49 (_ament_package_xml)
[0.969s]   /opt/ros/humble/share/ament_lint_auto/cmake/ament_lint_auto_find_test_dependencies.cmake:31 (ament_package_xml)
[0.969s]   CMakeLists.txt:21 (ament_lint_auto_find_test_dependencies)
[0.969s] 
[0.969s] [0m
[0.969s] -- Configuring incomplete, errors occurred!
[0.969s] See also "/home/seif/workspace/my_ros/new_dir/hello_ros2/build/hello_ros2/CMakeFiles/CMakeOutput.log".
[0.978s] Invoked command in '/home/seif/workspace/my_ros/new_dir/hello_ros2/build/hello_ros2' returned '1': CMAKE_PREFIX_PATH=/opt/ros/humble CONDA_PROMPT_MODIFIER=(base) /usr/bin/cmake /home/seif/workspace/my_ros/new_dir/hello_ros2 -DCMAKE_INSTALL_PREFIX=/home/seif/workspace/my_ros/new_dir/hello_ros2/install/hello_ros2
