[0.007s] Invoking command in '/home/seif/workspace/my_ros/new_dir/ros101/build/ros101': CMAKE_PREFIX_PATH=${CMAKE_PREFIX_PATH}:/opt/ros/humble CONDA_PROMPT_MODIFIER=(base) /usr/bin/cmake --build /home/seif/workspace/my_ros/new_dir/ros101/build/ros101 -- -j20 -l20
[0.028s] -- Found ament_cmake: 1.3.14 (/opt/ros/humble/share/ament_cmake/cmake)
[0.143s] -- Found rclcpp: 16.0.19 (/opt/ros/humble/share/rclcpp/cmake)
[0.163s] -- Found rosidl_generator_c: 3.1.8 (/opt/ros/humble/share/rosidl_generator_c/cmake)
[0.164s] -- Found rosidl_adapter: 3.1.8 (/opt/ros/humble/share/rosidl_adapter/cmake)
[0.168s] -- Found rosidl_generator_cpp: 3.1.8 (/opt/ros/humble/share/rosidl_generator_cpp/cmake)
[0.174s] -- Using all available rosidl_typesupport_c: rosidl_typesupport_fastrtps_c;rosidl_typesupport_introspection_c
[0.181s] -- Using all available rosidl_typesupport_cpp: rosidl_typesupport_fastrtps_cpp;rosidl_typesupport_introspection_cpp
[0.202s] -- Found rmw_implementation_cmake: 6.1.2 (/opt/ros/humble/share/rmw_implementation_cmake/cmake)
[0.203s] -- Found rmw_fastrtps_cpp: 6.2.10 (/opt/ros/humble/share/rmw_fastrtps_cpp/cmake)
[0.277s] -- Using RMW implementation 'rmw_fastrtps_cpp' as default
[0.310s] -- Found ament_lint_auto: 0.12.15 (/opt/ros/humble/share/ament_lint_auto/cmake)
[0.394s] -- Added test 'cppcheck' to perform static code analysis on C / C++ code
[0.394s] -- Configured cppcheck include dirs: 
[0.394s] -- Configured cppcheck exclude dirs and/or files: 
[0.395s] -- Added test 'flake8' to check Python code syntax and style conventions
[0.396s] -- Added test 'lint_cmake' to check CMake code style
[0.397s] -- Added test 'pep257' to check Python code against some of the docstring style conventions in PEP 257
[0.401s] -- Added test 'uncrustify' to check C / C++ code style
[0.401s] -- Configured uncrustify additional arguments: 
[0.401s] -- Added test 'xmllint' to check XML markup files
[0.402s] -- Configuring done
[0.409s] -- Generating done
[0.412s] -- Build files have been written to: /home/seif/workspace/my_ros/new_dir/ros101/build/ros101
[0.443s] [ 25%] [32mBuilding CXX object CMakeFiles/int32_subscriber.dir/src/MyInt32Subscriber.cpp.o[0m
[0.443s] [ 50%] [32mBuilding CXX object CMakeFiles/int32_publisher.dir/src/MyInt32Publisher.cpp.o[0m
[3.319s] [ 75%] [32m[1mLinking CXX executable int32_publisher[0m
[3.451s] [ 75%] Built target int32_publisher
[5.948s] [100%] [32m[1mLinking CXX executable int32_subscriber[0m
[6.203s] [100%] Built target int32_subscriber
[6.214s] Invoked command in '/home/seif/workspace/my_ros/new_dir/ros101/build/ros101' returned '0': CMAKE_PREFIX_PATH=${CMAKE_PREFIX_PATH}:/opt/ros/humble CONDA_PROMPT_MODIFIER=(base) /usr/bin/cmake --build /home/seif/workspace/my_ros/new_dir/ros101/build/ros101 -- -j20 -l20
[6.223s] Invoking command in '/home/seif/workspace/my_ros/new_dir/ros101/build/ros101': CMAKE_PREFIX_PATH=${CMAKE_PREFIX_PATH}:/opt/ros/humble CONDA_PROMPT_MODIFIER=(base) /usr/bin/cmake --install /home/seif/workspace/my_ros/new_dir/ros101/build/ros101
[6.231s] -- Install configuration: ""
[6.231s] -- Installing: /home/seif/workspace/my_ros/new_dir/ros101/install/ros101/lib/ros101/int32_publisher
[6.232s] -- Set runtime path of "/home/seif/workspace/my_ros/new_dir/ros101/install/ros101/lib/ros101/int32_publisher" to ""
[6.232s] -- Installing: /home/seif/workspace/my_ros/new_dir/ros101/install/ros101/lib/ros101/int32_subscriber
[6.235s] -- Set runtime path of "/home/seif/workspace/my_ros/new_dir/ros101/install/ros101/lib/ros101/int32_subscriber" to ""
[6.235s] -- Installing: /home/seif/workspace/my_ros/new_dir/ros101/install/ros101/share/ament_index/resource_index/package_run_dependencies/ros101
[6.236s] -- Installing: /home/seif/workspace/my_ros/new_dir/ros101/install/ros101/share/ament_index/resource_index/parent_prefix_path/ros101
[6.236s] -- Installing: /home/seif/workspace/my_ros/new_dir/ros101/install/ros101/share/ros101/environment/ament_prefix_path.sh
[6.236s] -- Installing: /home/seif/workspace/my_ros/new_dir/ros101/install/ros101/share/ros101/environment/ament_prefix_path.dsv
[6.236s] -- Installing: /home/seif/workspace/my_ros/new_dir/ros101/install/ros101/share/ros101/environment/path.sh
[6.236s] -- Installing: /home/seif/workspace/my_ros/new_dir/ros101/install/ros101/share/ros101/environment/path.dsv
[6.236s] -- Installing: /home/seif/workspace/my_ros/new_dir/ros101/install/ros101/share/ros101/local_setup.bash
[6.236s] -- Installing: /home/seif/workspace/my_ros/new_dir/ros101/install/ros101/share/ros101/local_setup.sh
[6.236s] -- Installing: /home/seif/workspace/my_ros/new_dir/ros101/install/ros101/share/ros101/local_setup.zsh
[6.237s] -- Installing: /home/seif/workspace/my_ros/new_dir/ros101/install/ros101/share/ros101/local_setup.dsv
[6.237s] -- Installing: /home/seif/workspace/my_ros/new_dir/ros101/install/ros101/share/ros101/package.dsv
[6.237s] -- Installing: /home/seif/workspace/my_ros/new_dir/ros101/install/ros101/share/ament_index/resource_index/packages/ros101
[6.237s] -- Installing: /home/seif/workspace/my_ros/new_dir/ros101/install/ros101/share/ros101/cmake/ros101Config.cmake
[6.237s] -- Installing: /home/seif/workspace/my_ros/new_dir/ros101/install/ros101/share/ros101/cmake/ros101Config-version.cmake
[6.237s] -- Installing: /home/seif/workspace/my_ros/new_dir/ros101/install/ros101/share/ros101/package.xml
[6.240s] Invoked command in '/home/seif/workspace/my_ros/new_dir/ros101/build/ros101' returned '0': CMAKE_PREFIX_PATH=${CMAKE_PREFIX_PATH}:/opt/ros/humble CONDA_PROMPT_MODIFIER=(base) /usr/bin/cmake --install /home/seif/workspace/my_ros/new_dir/ros101/build/ros101
