[0.058s] DEBUG:colcon:Command line arguments: ['/usr/bin/colcon', 'build']
[0.058s] DEBUG:colcon:Parsed command line arguments: Namespace(log_base=None, log_level=None, verb_name='build', build_base='build', install_base='install', merge_install=False, symlink_install=False, test_result_base=None, continue_on_error=False, executor='parallel', parallel_workers=20, event_handlers=None, ignore_user_meta=False, metas=['./colcon.meta'], base_paths=['.'], packages_ignore=None, packages_ignore_regex=None, paths=None, packages_up_to=None, packages_up_to_regex=None, packages_above=None, packages_above_and_dependencies=None, packages_above_depth=None, packages_select_by_dep=None, packages_skip_by_dep=None, packages_skip_up_to=None, packages_select_build_failed=False, packages_skip_build_finished=False, packages_select_test_failures=False, packages_skip_test_passed=False, packages_select=None, packages_skip=None, packages_select_regex=None, packages_skip_regex=None, packages_start=None, packages_end=None, allow_overriding=[], cmake_args=None, cmake_target=None, cmake_target_skip_unavailable=False, cmake_clean_cache=False, cmake_clean_first=False, cmake_force_configure=False, ament_cmake_args=None, catkin_cmake_args=None, catkin_skip_building_tests=False, mixin_files=None, mixin=None, verb_parser=<colcon_mixin.mixin.mixin_argument.MixinArgumentDecorator object at 0x7329af15f9a0>, verb_extension=<colcon_core.verb.build.BuildVerb object at 0x7329af15f3a0>, main=<bound method BuildVerb.main of <colcon_core.verb.build.BuildVerb object at 0x7329af15f3a0>>, mixin_verb=('build',))
[0.147s] Level 1:colcon.colcon_core.package_discovery:discover_packages(colcon_meta) check parameters
[0.147s] Level 1:colcon.colcon_core.package_discovery:discover_packages(recursive) check parameters
[0.147s] Level 1:colcon.colcon_core.package_discovery:discover_packages(ignore) check parameters
[0.148s] Level 1:colcon.colcon_core.package_discovery:discover_packages(path) check parameters
[0.148s] Level 1:colcon.colcon_core.package_discovery:discover_packages(colcon_meta) discover
[0.148s] Level 1:colcon.colcon_core.package_discovery:discover_packages(recursive) discover
[0.148s] INFO:colcon.colcon_core.package_discovery:Crawling recursively for packages in '/home/seif/workspace/my_ros/new_dir/hello_ros2'
[0.148s] Level 1:colcon.colcon_core.package_identification:_identify(.) by extensions ['ignore', 'ignore_ament_install']
[0.148s] Level 1:colcon.colcon_core.package_identification:_identify(.) by extension 'ignore'
[0.148s] Level 1:colcon.colcon_core.package_identification:_identify(.) by extension 'ignore_ament_install'
[0.148s] Level 1:colcon.colcon_core.package_identification:_identify(.) by extensions ['colcon_pkg']
[0.148s] Level 1:colcon.colcon_core.package_identification:_identify(.) by extension 'colcon_pkg'
[0.148s] Level 1:colcon.colcon_core.package_identification:_identify(.) by extensions ['colcon_meta']
[0.148s] Level 1:colcon.colcon_core.package_identification:_identify(.) by extension 'colcon_meta'
[0.148s] Level 1:colcon.colcon_core.package_identification:_identify(.) by extensions ['ros']
[0.148s] Level 1:colcon.colcon_core.package_identification:_identify(.) by extension 'ros'
[0.174s] DEBUG:colcon.colcon_core.package_identification:Package '.' with type 'ros.ament_cmake' and name 'hello_ros2'
[0.174s] Level 1:colcon.colcon_core.package_discovery:discover_packages(recursive) using defaults
[0.174s] Level 1:colcon.colcon_core.package_discovery:discover_packages(ignore) discover
[0.174s] Level 1:colcon.colcon_core.package_discovery:discover_packages(ignore) using defaults
[0.174s] Level 1:colcon.colcon_core.package_discovery:discover_packages(path) discover
[0.174s] Level 1:colcon.colcon_core.package_discovery:discover_packages(path) using defaults
[0.187s] Level 1:colcon.colcon_core.package_discovery:discover_packages(prefix_path) check parameters
[0.187s] Level 1:colcon.colcon_core.package_discovery:discover_packages(prefix_path) discover
[0.188s] DEBUG:colcon.colcon_installed_package_information.package_discovery:Found 273 installed packages in /opt/ros/humble
[0.189s] Level 1:colcon.colcon_core.package_discovery:discover_packages(prefix_path) using defaults
[0.207s] Level 5:colcon.colcon_core.verb:set package 'hello_ros2' build argument 'cmake_args' from command line to 'None'
[0.207s] Level 5:colcon.colcon_core.verb:set package 'hello_ros2' build argument 'cmake_target' from command line to 'None'
[0.207s] Level 5:colcon.colcon_core.verb:set package 'hello_ros2' build argument 'cmake_target_skip_unavailable' from command line to 'False'
[0.207s] Level 5:colcon.colcon_core.verb:set package 'hello_ros2' build argument 'cmake_clean_cache' from command line to 'False'
[0.207s] Level 5:colcon.colcon_core.verb:set package 'hello_ros2' build argument 'cmake_clean_first' from command line to 'False'
[0.207s] Level 5:colcon.colcon_core.verb:set package 'hello_ros2' build argument 'cmake_force_configure' from command line to 'False'
[0.207s] Level 5:colcon.colcon_core.verb:set package 'hello_ros2' build argument 'ament_cmake_args' from command line to 'None'
[0.207s] Level 5:colcon.colcon_core.verb:set package 'hello_ros2' build argument 'catkin_cmake_args' from command line to 'None'
[0.207s] Level 5:colcon.colcon_core.verb:set package 'hello_ros2' build argument 'catkin_skip_building_tests' from command line to 'False'
[0.207s] DEBUG:colcon.colcon_core.verb:Building package 'hello_ros2' with the following arguments: {'ament_cmake_args': None, 'build_base': '/home/seif/workspace/my_ros/new_dir/hello_ros2/build/hello_ros2', 'catkin_cmake_args': None, 'catkin_skip_building_tests': False, 'cmake_args': None, 'cmake_clean_cache': False, 'cmake_clean_first': False, 'cmake_force_configure': False, 'cmake_target': None, 'cmake_target_skip_unavailable': False, 'install_base': '/home/seif/workspace/my_ros/new_dir/hello_ros2/install/hello_ros2', 'merge_install': False, 'path': '/home/seif/workspace/my_ros/new_dir/hello_ros2', 'symlink_install': False, 'test_result_base': None}
[0.207s] INFO:colcon.colcon_core.executor:Executing jobs using 'parallel' executor
[0.208s] DEBUG:colcon.colcon_parallel_executor.executor.parallel:run_until_complete
[0.208s] INFO:colcon.colcon_ros.task.ament_cmake.build:Building ROS package in '/home/seif/workspace/my_ros/new_dir/hello_ros2' with build type 'ament_cmake'
[0.208s] INFO:colcon.colcon_cmake.task.cmake.build:Building CMake package in '/home/seif/workspace/my_ros/new_dir/hello_ros2'
[0.209s] INFO:colcon.colcon_core.plugin_system:Skipping extension 'colcon_core.shell.bat': Not used on non-Windows systems
[0.209s] INFO:colcon.colcon_core.shell:Skip shell extension 'powershell' for command environment: Not usable outside of PowerShell
[0.209s] DEBUG:colcon.colcon_core.shell:Skip shell extension 'dsv' for command environment
[0.214s] DEBUG:colcon.colcon_core.event_handler.log_command:Invoking command in '/home/seif/workspace/my_ros/new_dir/hello_ros2/build/hello_ros2': CMAKE_PREFIX_PATH=/opt/ros/humble CONDA_PROMPT_MODIFIER=(base) /usr/bin/cmake /home/seif/workspace/my_ros/new_dir/hello_ros2 -DCMAKE_INSTALL_PREFIX=/home/seif/workspace/my_ros/new_dir/hello_ros2/install/hello_ros2
[1.186s] DEBUG:colcon.colcon_core.event_handler.log_command:Invoked command in '/home/seif/workspace/my_ros/new_dir/hello_ros2/build/hello_ros2' returned '1': CMAKE_PREFIX_PATH=/opt/ros/humble CONDA_PROMPT_MODIFIER=(base) /usr/bin/cmake /home/seif/workspace/my_ros/new_dir/hello_ros2 -DCMAKE_INSTALL_PREFIX=/home/seif/workspace/my_ros/new_dir/hello_ros2/install/hello_ros2
[1.198s] Level 1:colcon.colcon_core.environment:create_environment_scripts_only(hello_ros2)
[1.200s] Level 1:colcon.colcon_core.environment:checking '/home/seif/workspace/my_ros/new_dir/hello_ros2/install/hello_ros2' for CMake module files
[1.201s] Level 1:colcon.colcon_core.environment:checking '/home/seif/workspace/my_ros/new_dir/hello_ros2/install/hello_ros2' for CMake config files
[1.201s] Level 1:colcon.colcon_core.environment:checking '/home/seif/workspace/my_ros/new_dir/hello_ros2/install/hello_ros2/bin'
[1.201s] Level 1:colcon.colcon_core.environment:checking '/home/seif/workspace/my_ros/new_dir/hello_ros2/install/hello_ros2/lib/pkgconfig/hello_ros2.pc'
[1.201s] Level 1:colcon.colcon_core.environment:checking '/home/seif/workspace/my_ros/new_dir/hello_ros2/install/hello_ros2/lib/python3.10/site-packages'
[1.202s] Level 1:colcon.colcon_core.environment:checking '/home/seif/workspace/my_ros/new_dir/hello_ros2/install/hello_ros2/bin'
[1.202s] INFO:colcon.colcon_core.shell:Creating package script '/home/seif/workspace/my_ros/new_dir/hello_ros2/install/hello_ros2/share/hello_ros2/package.ps1'
[1.203s] INFO:colcon.colcon_core.shell:Creating package descriptor '/home/seif/workspace/my_ros/new_dir/hello_ros2/install/hello_ros2/share/hello_ros2/package.dsv'
[1.204s] INFO:colcon.colcon_core.shell:Creating package script '/home/seif/workspace/my_ros/new_dir/hello_ros2/install/hello_ros2/share/hello_ros2/package.sh'
[1.204s] INFO:colcon.colcon_core.shell:Creating package script '/home/seif/workspace/my_ros/new_dir/hello_ros2/install/hello_ros2/share/hello_ros2/package.bash'
[1.205s] INFO:colcon.colcon_core.shell:Creating package script '/home/seif/workspace/my_ros/new_dir/hello_ros2/install/hello_ros2/share/hello_ros2/package.zsh'
[1.205s] Level 1:colcon.colcon_core.environment:create_file_with_runtime_dependencies(/home/seif/workspace/my_ros/new_dir/hello_ros2/install/hello_ros2/share/colcon-core/packages/hello_ros2)
[1.216s] DEBUG:colcon.colcon_parallel_executor.executor.parallel:closing loop
[1.216s] DEBUG:colcon.colcon_parallel_executor.executor.parallel:loop closed
[1.216s] DEBUG:colcon.colcon_parallel_executor.executor.parallel:run_until_complete finished with '1'
[1.216s] DEBUG:colcon.colcon_core.event_reactor:joining thread
[1.220s] INFO:colcon.colcon_core.plugin_system:Skipping extension 'colcon_notification.desktop_notification.terminal_notifier': Not used on non-Darwin systems
[1.220s] INFO:colcon.colcon_core.plugin_system:Skipping extension 'colcon_notification.desktop_notification.win32': Not used on non-Windows systems
[1.220s] INFO:colcon.colcon_notification.desktop_notification:Sending desktop notification using 'notify2'
[1.230s] DEBUG:colcon.colcon_core.event_reactor:joined thread
[1.230s] INFO:colcon.colcon_core.shell:Creating prefix script '/home/seif/workspace/my_ros/new_dir/hello_ros2/install/local_setup.ps1'
[1.231s] INFO:colcon.colcon_core.shell:Creating prefix util module '/home/seif/workspace/my_ros/new_dir/hello_ros2/install/_local_setup_util_ps1.py'
[1.232s] INFO:colcon.colcon_core.shell:Creating prefix chain script '/home/seif/workspace/my_ros/new_dir/hello_ros2/install/setup.ps1'
[1.233s] INFO:colcon.colcon_core.shell:Creating prefix script '/home/seif/workspace/my_ros/new_dir/hello_ros2/install/local_setup.sh'
[1.234s] INFO:colcon.colcon_core.shell:Creating prefix util module '/home/seif/workspace/my_ros/new_dir/hello_ros2/install/_local_setup_util_sh.py'
[1.234s] INFO:colcon.colcon_core.shell:Creating prefix chain script '/home/seif/workspace/my_ros/new_dir/hello_ros2/install/setup.sh'
[1.235s] INFO:colcon.colcon_core.shell:Creating prefix script '/home/seif/workspace/my_ros/new_dir/hello_ros2/install/local_setup.bash'
[1.235s] INFO:colcon.colcon_core.shell:Creating prefix chain script '/home/seif/workspace/my_ros/new_dir/hello_ros2/install/setup.bash'
[1.236s] INFO:colcon.colcon_core.shell:Creating prefix script '/home/seif/workspace/my_ros/new_dir/hello_ros2/install/local_setup.zsh'
[1.237s] INFO:colcon.colcon_core.shell:Creating prefix chain script '/home/seif/workspace/my_ros/new_dir/hello_ros2/install/setup.zsh'
